TimeQuest Timing Analyzer report for MIC1
Mon Jun 09 17:28:28 2025
Quartus II 64-Bit Version 13.0.1 Build 232 06/12/2013 Service Pack 1 SJ Web Edition


---------------------
; Table of Contents ;
---------------------
  1. Legal Notice
  2. TimeQuest Timing Analyzer Summary
  3. Parallel Compilation
  4. Clocks
  5. Slow Model Fmax Summary
  6. Slow Model Setup Summary
  7. Slow Model Hold Summary
  8. Slow Model Recovery Summary
  9. Slow Model Removal Summary
 10. Slow Model Minimum Pulse Width Summary
 11. Propagation Delay
 12. Minimum Propagation Delay
 13. Fast Model Setup Summary
 14. Fast Model Hold Summary
 15. Fast Model Recovery Summary
 16. Fast Model Removal Summary
 17. Fast Model Minimum Pulse Width Summary
 18. Propagation Delay
 19. Minimum Propagation Delay
 20. Multicorner Timing Analysis Summary
 21. Progagation Delay
 22. Minimum Progagation Delay
 23. Clock Transfers
 24. Report TCCS
 25. Report RSKM
 26. Unconstrained Paths
 27. TimeQuest Timing Analyzer Messages



----------------
; Legal Notice ;
----------------
Copyright (C) 1991-2013 Altera Corporation
Your use of Altera Corporation's design tools, logic functions 
and other software and tools, and its AMPP partner logic 
functions, and any output files from any of the foregoing 
(including device programming or simulation files), and any 
associated documentation or information are expressly subject 
to the terms and conditions of the Altera Program License 
Subscription Agreement, Altera MegaCore Function License 
Agreement, or other applicable license agreement, including, 
without limitation, that your use is for the sole purpose of 
programming logic devices manufactured by Altera and sold by 
Altera or its authorized distributors.  Please refer to the 
applicable agreement for further details.



+----------------------------------------------------------------------------------------+
; TimeQuest Timing Analyzer Summary                                                      ;
+--------------------+-------------------------------------------------------------------+
; Quartus II Version ; Version 13.0.1 Build 232 06/12/2013 Service Pack 1 SJ Web Edition ;
; Revision Name      ; MIC1                                                              ;
; Device Family      ; Cyclone II                                                        ;
; Device Name        ; EP2C5F256C6                                                       ;
; Timing Models      ; Final                                                             ;
; Delay Model        ; Combined                                                          ;
; Rise/Fall Delays   ; Unavailable                                                       ;
+--------------------+-------------------------------------------------------------------+


Parallel compilation was disabled, but you have multiple processors available. Enable parallel compilation to reduce compilation time.
+-------------------------------------+
; Parallel Compilation                ;
+----------------------------+--------+
; Processors                 ; Number ;
+----------------------------+--------+
; Number detected on machine ; 12     ;
; Maximum allowed            ; 1      ;
+----------------------------+--------+


----------
; Clocks ;
----------
No clocks to report.


---------------------------
; Slow Model Fmax Summary ;
---------------------------
No paths to report.


----------------------------
; Slow Model Setup Summary ;
----------------------------
No paths to report.


---------------------------
; Slow Model Hold Summary ;
---------------------------
No paths to report.


-------------------------------
; Slow Model Recovery Summary ;
-------------------------------
No paths to report.


------------------------------
; Slow Model Removal Summary ;
------------------------------
No paths to report.


------------------------------------------
; Slow Model Minimum Pulse Width Summary ;
------------------------------------------
No paths to report.


+--------------------------------------------------------------+
; Propagation Delay                                            ;
+------------+-------------+--------+--------+--------+--------+
; Input Port ; Output Port ; RR     ; RF     ; FR     ; FF     ;
+------------+-------------+--------+--------+--------+--------+
; INPUT[0]   ; OUTPUT[0]   ; 9.296  ;        ;        ; 9.296  ;
; INPUT[0]   ; OUTPUT[8]   ; 10.776 ;        ;        ; 10.776 ;
; INPUT[1]   ; OUTPUT[0]   ; 9.190  ;        ;        ; 9.190  ;
; INPUT[1]   ; OUTPUT[1]   ; 9.140  ;        ;        ; 9.140  ;
; INPUT[1]   ; OUTPUT[9]   ; 9.839  ;        ;        ; 9.839  ;
; INPUT[2]   ; OUTPUT[1]   ; 9.286  ;        ;        ; 9.286  ;
; INPUT[2]   ; OUTPUT[2]   ; 9.253  ;        ;        ; 9.253  ;
; INPUT[2]   ; OUTPUT[10]  ; 9.952  ;        ;        ; 9.952  ;
; INPUT[3]   ; OUTPUT[2]   ; 9.333  ;        ;        ; 9.333  ;
; INPUT[3]   ; OUTPUT[3]   ; 9.121  ;        ;        ; 9.121  ;
; INPUT[3]   ; OUTPUT[11]  ; 9.783  ;        ;        ; 9.783  ;
; INPUT[4]   ; OUTPUT[3]   ; 9.140  ;        ;        ; 9.140  ;
; INPUT[4]   ; OUTPUT[4]   ; 8.810  ;        ;        ; 8.810  ;
; INPUT[4]   ; OUTPUT[12]  ; 9.812  ;        ;        ; 9.812  ;
; INPUT[5]   ; OUTPUT[4]   ; 9.617  ;        ;        ; 9.617  ;
; INPUT[5]   ; OUTPUT[5]   ; 10.584 ;        ;        ; 10.584 ;
; INPUT[5]   ; OUTPUT[13]  ; 10.978 ;        ;        ; 10.978 ;
; INPUT[6]   ; OUTPUT[5]   ; 10.413 ;        ;        ; 10.413 ;
; INPUT[6]   ; OUTPUT[6]   ; 9.661  ;        ;        ; 9.661  ;
; INPUT[6]   ; OUTPUT[14]  ; 10.058 ;        ;        ; 10.058 ;
; INPUT[7]   ; OUTPUT[6]   ; 9.904  ;        ;        ; 9.904  ;
; INPUT[7]   ; OUTPUT[7]   ; 9.677  ;        ;        ; 9.677  ;
; INPUT[7]   ; OUTPUT[15]  ; 10.595 ;        ;        ; 10.595 ;
; INPUT[8]   ; OUTPUT[7]   ; 9.905  ;        ;        ; 9.905  ;
; INPUT[8]   ; OUTPUT[8]   ; 9.911  ;        ;        ; 9.911  ;
; INPUT[8]   ; OUTPUT[16]  ; 10.510 ;        ;        ; 10.510 ;
; INPUT[9]   ; OUTPUT[8]   ; 10.638 ;        ;        ; 10.638 ;
; INPUT[9]   ; OUTPUT[9]   ; 9.274  ;        ;        ; 9.274  ;
; INPUT[9]   ; OUTPUT[17]  ; 9.782  ;        ;        ; 9.782  ;
; INPUT[10]  ; OUTPUT[9]   ; 9.957  ;        ;        ; 9.957  ;
; INPUT[10]  ; OUTPUT[10]  ; 9.221  ;        ;        ; 9.221  ;
; INPUT[10]  ; OUTPUT[18]  ; 9.483  ;        ;        ; 9.483  ;
; INPUT[11]  ; OUTPUT[10]  ; 10.686 ;        ;        ; 10.686 ;
; INPUT[11]  ; OUTPUT[11]  ; 9.688  ;        ;        ; 9.688  ;
; INPUT[11]  ; OUTPUT[19]  ; 12.538 ;        ;        ; 12.538 ;
; INPUT[12]  ; OUTPUT[11]  ; 9.332  ;        ;        ; 9.332  ;
; INPUT[12]  ; OUTPUT[12]  ; 8.946  ;        ;        ; 8.946  ;
; INPUT[12]  ; OUTPUT[20]  ; 10.901 ;        ;        ; 10.901 ;
; INPUT[13]  ; OUTPUT[12]  ; 10.820 ;        ;        ; 10.820 ;
; INPUT[13]  ; OUTPUT[13]  ; 10.144 ;        ;        ; 10.144 ;
; INPUT[13]  ; OUTPUT[21]  ; 11.311 ;        ;        ; 11.311 ;
; INPUT[14]  ; OUTPUT[13]  ; 11.080 ;        ;        ; 11.080 ;
; INPUT[14]  ; OUTPUT[14]  ; 9.942  ;        ;        ; 9.942  ;
; INPUT[14]  ; OUTPUT[22]  ; 10.820 ;        ;        ; 10.820 ;
; INPUT[15]  ; OUTPUT[14]  ; 10.756 ;        ;        ; 10.756 ;
; INPUT[15]  ; OUTPUT[15]  ; 10.621 ;        ;        ; 10.621 ;
; INPUT[15]  ; OUTPUT[23]  ; 10.417 ;        ;        ; 10.417 ;
; INPUT[16]  ; OUTPUT[15]  ; 10.604 ;        ;        ; 10.604 ;
; INPUT[16]  ; OUTPUT[16]  ; 9.923  ;        ;        ; 9.923  ;
; INPUT[16]  ; OUTPUT[24]  ; 10.417 ;        ;        ; 10.417 ;
; INPUT[17]  ; OUTPUT[16]  ; 10.637 ;        ;        ; 10.637 ;
; INPUT[17]  ; OUTPUT[17]  ; 9.976  ;        ;        ; 9.976  ;
; INPUT[17]  ; OUTPUT[25]  ; 10.408 ;        ;        ; 10.408 ;
; INPUT[18]  ; OUTPUT[17]  ; 9.271  ;        ;        ; 9.271  ;
; INPUT[18]  ; OUTPUT[18]  ; 8.496  ;        ;        ; 8.496  ;
; INPUT[18]  ; OUTPUT[26]  ; 10.143 ;        ;        ; 10.143 ;
; INPUT[19]  ; OUTPUT[18]  ; 9.333  ;        ;        ; 9.333  ;
; INPUT[19]  ; OUTPUT[19]  ; 9.093  ;        ;        ; 9.093  ;
; INPUT[19]  ; OUTPUT[27]  ; 9.228  ;        ;        ; 9.228  ;
; INPUT[20]  ; OUTPUT[19]  ; 11.868 ;        ;        ; 11.868 ;
; INPUT[20]  ; OUTPUT[20]  ; 9.572  ;        ;        ; 9.572  ;
; INPUT[20]  ; OUTPUT[28]  ; 10.470 ;        ;        ; 10.470 ;
; INPUT[21]  ; OUTPUT[20]  ; 10.695 ;        ;        ; 10.695 ;
; INPUT[21]  ; OUTPUT[21]  ; 9.996  ;        ;        ; 9.996  ;
; INPUT[21]  ; OUTPUT[29]  ; 10.259 ;        ;        ; 10.259 ;
; INPUT[22]  ; OUTPUT[21]  ; 10.696 ;        ;        ; 10.696 ;
; INPUT[22]  ; OUTPUT[22]  ; 10.014 ;        ;        ; 10.014 ;
; INPUT[22]  ; OUTPUT[30]  ; 10.424 ;        ;        ; 10.424 ;
; INPUT[23]  ; OUTPUT[22]  ; 10.357 ;        ;        ; 10.357 ;
; INPUT[23]  ; OUTPUT[23]  ; 9.629  ;        ;        ; 9.629  ;
; INPUT[23]  ; OUTPUT[31]  ; 9.490  ;        ;        ; 9.490  ;
; INPUT[24]  ; OUTPUT[23]  ; 10.891 ;        ;        ; 10.891 ;
; INPUT[24]  ; OUTPUT[24]  ; 10.150 ;        ;        ; 10.150 ;
; INPUT[25]  ; OUTPUT[24]  ; 10.055 ;        ;        ; 10.055 ;
; INPUT[25]  ; OUTPUT[25]  ; 9.458  ;        ;        ; 9.458  ;
; INPUT[26]  ; OUTPUT[25]  ; 10.126 ;        ;        ; 10.126 ;
; INPUT[26]  ; OUTPUT[26]  ; 9.670  ;        ;        ; 9.670  ;
; INPUT[27]  ; OUTPUT[26]  ; 10.814 ;        ;        ; 10.814 ;
; INPUT[27]  ; OUTPUT[27]  ; 9.169  ;        ;        ; 9.169  ;
; INPUT[28]  ; OUTPUT[27]  ; 10.291 ;        ;        ; 10.291 ;
; INPUT[28]  ; OUTPUT[28]  ; 10.483 ;        ;        ; 10.483 ;
; INPUT[29]  ; OUTPUT[28]  ; 10.792 ;        ;        ; 10.792 ;
; INPUT[29]  ; OUTPUT[29]  ; 9.667  ;        ;        ; 9.667  ;
; INPUT[30]  ; OUTPUT[29]  ; 10.567 ;        ;        ; 10.567 ;
; INPUT[30]  ; OUTPUT[30]  ; 9.822  ;        ;        ; 9.822  ;
; INPUT[31]  ; OUTPUT[30]  ; 10.370 ;        ;        ; 10.370 ;
; INPUT[31]  ; OUTPUT[31]  ; 9.463  ;        ;        ; 9.463  ;
; SLL8       ; OUTPUT[0]   ; 10.303 ; 10.303 ; 10.303 ; 10.303 ;
; SLL8       ; OUTPUT[1]   ; 10.252 ; 10.252 ; 10.252 ; 10.252 ;
; SLL8       ; OUTPUT[2]   ; 10.144 ; 10.144 ; 10.144 ; 10.144 ;
; SLL8       ; OUTPUT[3]   ; 10.404 ; 10.404 ; 10.404 ; 10.404 ;
; SLL8       ; OUTPUT[4]   ; 10.381 ; 10.381 ; 10.381 ; 10.381 ;
; SLL8       ; OUTPUT[5]   ; 11.450 ; 11.450 ; 11.450 ; 11.450 ;
; SLL8       ; OUTPUT[6]   ; 10.702 ; 10.702 ; 10.702 ; 10.702 ;
; SLL8       ; OUTPUT[7]   ; 10.475 ; 10.475 ; 10.475 ; 10.475 ;
; SLL8       ; OUTPUT[8]   ; 11.639 ; 11.639 ; 11.639 ; 11.639 ;
; SLL8       ; OUTPUT[9]   ; 10.981 ; 10.981 ; 10.981 ; 10.981 ;
; SLL8       ; OUTPUT[10]  ; 10.943 ; 10.943 ; 10.943 ; 10.943 ;
; SLL8       ; OUTPUT[11]  ; 10.902 ; 10.902 ; 10.902 ; 10.902 ;
; SLL8       ; OUTPUT[12]  ; 11.212 ; 11.212 ; 11.212 ; 11.212 ;
; SLL8       ; OUTPUT[13]  ; 11.849 ; 11.849 ; 11.849 ; 11.849 ;
; SLL8       ; OUTPUT[14]  ; 11.096 ; 11.096 ; 11.096 ; 11.096 ;
; SLL8       ; OUTPUT[15]  ; 11.385 ; 11.385 ; 11.385 ; 11.385 ;
; SLL8       ; OUTPUT[16]  ; 11.524 ; 11.524 ; 11.524 ; 11.524 ;
; SLL8       ; OUTPUT[17]  ; 10.771 ; 10.771 ; 10.771 ; 10.771 ;
; SLL8       ; OUTPUT[18]  ; 10.493 ; 10.493 ; 10.493 ; 10.493 ;
; SLL8       ; OUTPUT[19]  ; 11.843 ; 11.843 ; 11.843 ; 11.843 ;
; SLL8       ; OUTPUT[20]  ; 10.718 ; 10.718 ; 10.718 ; 10.718 ;
; SLL8       ; OUTPUT[21]  ; 10.360 ; 10.360 ; 10.360 ; 10.360 ;
; SLL8       ; OUTPUT[22]  ; 10.493 ; 10.493 ; 10.493 ; 10.493 ;
; SLL8       ; OUTPUT[23]  ; 10.516 ; 10.516 ; 10.516 ; 10.516 ;
; SLL8       ; OUTPUT[24]  ; 11.554 ; 11.554 ; 11.554 ; 11.554 ;
; SLL8       ; OUTPUT[25]  ; 11.311 ; 11.311 ; 11.311 ; 11.311 ;
; SLL8       ; OUTPUT[26]  ; 11.511 ; 11.511 ; 11.511 ; 11.511 ;
; SLL8       ; OUTPUT[27]  ; 10.254 ; 10.254 ; 10.254 ; 10.254 ;
; SLL8       ; OUTPUT[28]  ; 10.730 ; 10.730 ; 10.730 ; 10.730 ;
; SLL8       ; OUTPUT[29]  ; 10.274 ; 10.274 ; 10.274 ; 10.274 ;
; SLL8       ; OUTPUT[30]  ; 10.386 ; 10.386 ; 10.386 ; 10.386 ;
; SLL8       ; OUTPUT[31]  ; 9.617  ; 9.617  ; 9.617  ; 9.617  ;
; SRA1       ; OUTPUT[0]   ; 9.843  ; 9.843  ; 9.843  ; 9.843  ;
; SRA1       ; OUTPUT[1]   ; 9.796  ; 9.796  ; 9.796  ; 9.796  ;
; SRA1       ; OUTPUT[2]   ; 9.770  ; 9.770  ; 9.770  ; 9.770  ;
; SRA1       ; OUTPUT[3]   ; 10.342 ; 10.342 ; 10.342 ; 10.342 ;
; SRA1       ; OUTPUT[4]   ; 10.331 ; 10.331 ; 10.331 ; 10.331 ;
; SRA1       ; OUTPUT[5]   ; 10.814 ; 10.814 ; 10.814 ; 10.814 ;
; SRA1       ; OUTPUT[6]   ; 9.794  ; 9.794  ; 9.794  ; 9.794  ;
; SRA1       ; OUTPUT[7]   ; 9.568  ; 9.568  ; 9.568  ; 9.568  ;
; SRA1       ; OUTPUT[8]   ; 11.153 ; 11.153 ; 11.153 ; 11.153 ;
; SRA1       ; OUTPUT[9]   ; 10.494 ; 10.494 ; 10.494 ; 10.494 ;
; SRA1       ; OUTPUT[10]  ; 10.456 ; 10.456 ; 10.456 ; 10.456 ;
; SRA1       ; OUTPUT[11]  ; 10.433 ; 10.433 ; 10.433 ; 10.433 ;
; SRA1       ; OUTPUT[12]  ; 10.747 ; 10.747 ; 10.747 ; 10.747 ;
; SRA1       ; OUTPUT[13]  ; 11.215 ; 11.215 ; 11.215 ; 11.215 ;
; SRA1       ; OUTPUT[14]  ; 10.188 ; 10.188 ; 10.188 ; 10.188 ;
; SRA1       ; OUTPUT[15]  ; 10.489 ; 10.489 ; 10.489 ; 10.489 ;
; SRA1       ; OUTPUT[16]  ; 10.740 ; 10.740 ; 10.740 ; 10.740 ;
; SRA1       ; OUTPUT[17]  ; 10.511 ; 10.511 ; 10.511 ; 10.511 ;
; SRA1       ; OUTPUT[18]  ; 10.233 ; 10.233 ; 10.233 ; 10.233 ;
; SRA1       ; OUTPUT[19]  ; 12.436 ; 12.436 ; 12.436 ; 12.436 ;
; SRA1       ; OUTPUT[20]  ; 11.151 ; 11.151 ; 11.151 ; 11.151 ;
; SRA1       ; OUTPUT[21]  ; 10.940 ; 10.940 ; 10.940 ; 10.940 ;
; SRA1       ; OUTPUT[22]  ; 10.916 ; 10.916 ; 10.916 ; 10.916 ;
; SRA1       ; OUTPUT[23]  ; 10.944 ; 10.944 ; 10.944 ; 10.944 ;
; SRA1       ; OUTPUT[24]  ; 10.712 ; 10.712 ; 10.712 ; 10.712 ;
; SRA1       ; OUTPUT[25]  ; 10.488 ; 10.488 ; 10.488 ; 10.488 ;
; SRA1       ; OUTPUT[26]  ; 11.453 ; 11.453 ; 11.453 ; 11.453 ;
; SRA1       ; OUTPUT[27]  ; 10.154 ; 10.154 ; 10.154 ; 10.154 ;
; SRA1       ; OUTPUT[28]  ; 11.183 ; 11.183 ; 11.183 ; 11.183 ;
; SRA1       ; OUTPUT[29]  ; 10.722 ; 10.722 ; 10.722 ; 10.722 ;
; SRA1       ; OUTPUT[30]  ; 11.251 ; 11.251 ; 11.251 ; 11.251 ;
; SRA1       ; OUTPUT[31]  ; 10.070 ; 10.070 ; 10.070 ; 10.070 ;
+------------+-------------+--------+--------+--------+--------+


+--------------------------------------------------------------+
; Minimum Propagation Delay                                    ;
+------------+-------------+--------+--------+--------+--------+
; Input Port ; Output Port ; RR     ; RF     ; FR     ; FF     ;
+------------+-------------+--------+--------+--------+--------+
; INPUT[0]   ; OUTPUT[0]   ; 9.296  ;        ;        ; 9.296  ;
; INPUT[0]   ; OUTPUT[8]   ; 10.776 ;        ;        ; 10.776 ;
; INPUT[1]   ; OUTPUT[0]   ; 9.190  ;        ;        ; 9.190  ;
; INPUT[1]   ; OUTPUT[1]   ; 9.140  ;        ;        ; 9.140  ;
; INPUT[1]   ; OUTPUT[9]   ; 9.839  ;        ;        ; 9.839  ;
; INPUT[2]   ; OUTPUT[1]   ; 9.286  ;        ;        ; 9.286  ;
; INPUT[2]   ; OUTPUT[2]   ; 9.253  ;        ;        ; 9.253  ;
; INPUT[2]   ; OUTPUT[10]  ; 9.952  ;        ;        ; 9.952  ;
; INPUT[3]   ; OUTPUT[2]   ; 9.333  ;        ;        ; 9.333  ;
; INPUT[3]   ; OUTPUT[3]   ; 9.121  ;        ;        ; 9.121  ;
; INPUT[3]   ; OUTPUT[11]  ; 9.783  ;        ;        ; 9.783  ;
; INPUT[4]   ; OUTPUT[3]   ; 9.140  ;        ;        ; 9.140  ;
; INPUT[4]   ; OUTPUT[4]   ; 8.810  ;        ;        ; 8.810  ;
; INPUT[4]   ; OUTPUT[12]  ; 9.812  ;        ;        ; 9.812  ;
; INPUT[5]   ; OUTPUT[4]   ; 9.617  ;        ;        ; 9.617  ;
; INPUT[5]   ; OUTPUT[5]   ; 10.584 ;        ;        ; 10.584 ;
; INPUT[5]   ; OUTPUT[13]  ; 10.978 ;        ;        ; 10.978 ;
; INPUT[6]   ; OUTPUT[5]   ; 10.413 ;        ;        ; 10.413 ;
; INPUT[6]   ; OUTPUT[6]   ; 9.661  ;        ;        ; 9.661  ;
; INPUT[6]   ; OUTPUT[14]  ; 10.058 ;        ;        ; 10.058 ;
; INPUT[7]   ; OUTPUT[6]   ; 9.904  ;        ;        ; 9.904  ;
; INPUT[7]   ; OUTPUT[7]   ; 9.677  ;        ;        ; 9.677  ;
; INPUT[7]   ; OUTPUT[15]  ; 10.595 ;        ;        ; 10.595 ;
; INPUT[8]   ; OUTPUT[7]   ; 9.905  ;        ;        ; 9.905  ;
; INPUT[8]   ; OUTPUT[8]   ; 9.911  ;        ;        ; 9.911  ;
; INPUT[8]   ; OUTPUT[16]  ; 10.510 ;        ;        ; 10.510 ;
; INPUT[9]   ; OUTPUT[8]   ; 10.638 ;        ;        ; 10.638 ;
; INPUT[9]   ; OUTPUT[9]   ; 9.274  ;        ;        ; 9.274  ;
; INPUT[9]   ; OUTPUT[17]  ; 9.782  ;        ;        ; 9.782  ;
; INPUT[10]  ; OUTPUT[9]   ; 9.957  ;        ;        ; 9.957  ;
; INPUT[10]  ; OUTPUT[10]  ; 9.221  ;        ;        ; 9.221  ;
; INPUT[10]  ; OUTPUT[18]  ; 9.483  ;        ;        ; 9.483  ;
; INPUT[11]  ; OUTPUT[10]  ; 10.686 ;        ;        ; 10.686 ;
; INPUT[11]  ; OUTPUT[11]  ; 9.688  ;        ;        ; 9.688  ;
; INPUT[11]  ; OUTPUT[19]  ; 12.538 ;        ;        ; 12.538 ;
; INPUT[12]  ; OUTPUT[11]  ; 9.332  ;        ;        ; 9.332  ;
; INPUT[12]  ; OUTPUT[12]  ; 8.946  ;        ;        ; 8.946  ;
; INPUT[12]  ; OUTPUT[20]  ; 10.901 ;        ;        ; 10.901 ;
; INPUT[13]  ; OUTPUT[12]  ; 10.820 ;        ;        ; 10.820 ;
; INPUT[13]  ; OUTPUT[13]  ; 10.144 ;        ;        ; 10.144 ;
; INPUT[13]  ; OUTPUT[21]  ; 11.311 ;        ;        ; 11.311 ;
; INPUT[14]  ; OUTPUT[13]  ; 11.080 ;        ;        ; 11.080 ;
; INPUT[14]  ; OUTPUT[14]  ; 9.942  ;        ;        ; 9.942  ;
; INPUT[14]  ; OUTPUT[22]  ; 10.820 ;        ;        ; 10.820 ;
; INPUT[15]  ; OUTPUT[14]  ; 10.756 ;        ;        ; 10.756 ;
; INPUT[15]  ; OUTPUT[15]  ; 10.621 ;        ;        ; 10.621 ;
; INPUT[15]  ; OUTPUT[23]  ; 10.417 ;        ;        ; 10.417 ;
; INPUT[16]  ; OUTPUT[15]  ; 10.604 ;        ;        ; 10.604 ;
; INPUT[16]  ; OUTPUT[16]  ; 9.923  ;        ;        ; 9.923  ;
; INPUT[16]  ; OUTPUT[24]  ; 10.417 ;        ;        ; 10.417 ;
; INPUT[17]  ; OUTPUT[16]  ; 10.637 ;        ;        ; 10.637 ;
; INPUT[17]  ; OUTPUT[17]  ; 9.976  ;        ;        ; 9.976  ;
; INPUT[17]  ; OUTPUT[25]  ; 10.408 ;        ;        ; 10.408 ;
; INPUT[18]  ; OUTPUT[17]  ; 9.271  ;        ;        ; 9.271  ;
; INPUT[18]  ; OUTPUT[18]  ; 8.496  ;        ;        ; 8.496  ;
; INPUT[18]  ; OUTPUT[26]  ; 10.143 ;        ;        ; 10.143 ;
; INPUT[19]  ; OUTPUT[18]  ; 9.333  ;        ;        ; 9.333  ;
; INPUT[19]  ; OUTPUT[19]  ; 9.093  ;        ;        ; 9.093  ;
; INPUT[19]  ; OUTPUT[27]  ; 9.228  ;        ;        ; 9.228  ;
; INPUT[20]  ; OUTPUT[19]  ; 11.868 ;        ;        ; 11.868 ;
; INPUT[20]  ; OUTPUT[20]  ; 9.572  ;        ;        ; 9.572  ;
; INPUT[20]  ; OUTPUT[28]  ; 10.470 ;        ;        ; 10.470 ;
; INPUT[21]  ; OUTPUT[20]  ; 10.695 ;        ;        ; 10.695 ;
; INPUT[21]  ; OUTPUT[21]  ; 9.996  ;        ;        ; 9.996  ;
; INPUT[21]  ; OUTPUT[29]  ; 10.259 ;        ;        ; 10.259 ;
; INPUT[22]  ; OUTPUT[21]  ; 10.696 ;        ;        ; 10.696 ;
; INPUT[22]  ; OUTPUT[22]  ; 10.014 ;        ;        ; 10.014 ;
; INPUT[22]  ; OUTPUT[30]  ; 10.424 ;        ;        ; 10.424 ;
; INPUT[23]  ; OUTPUT[22]  ; 10.357 ;        ;        ; 10.357 ;
; INPUT[23]  ; OUTPUT[23]  ; 9.629  ;        ;        ; 9.629  ;
; INPUT[23]  ; OUTPUT[31]  ; 9.490  ;        ;        ; 9.490  ;
; INPUT[24]  ; OUTPUT[23]  ; 10.891 ;        ;        ; 10.891 ;
; INPUT[24]  ; OUTPUT[24]  ; 10.150 ;        ;        ; 10.150 ;
; INPUT[25]  ; OUTPUT[24]  ; 10.055 ;        ;        ; 10.055 ;
; INPUT[25]  ; OUTPUT[25]  ; 9.458  ;        ;        ; 9.458  ;
; INPUT[26]  ; OUTPUT[25]  ; 10.126 ;        ;        ; 10.126 ;
; INPUT[26]  ; OUTPUT[26]  ; 9.670  ;        ;        ; 9.670  ;
; INPUT[27]  ; OUTPUT[26]  ; 10.814 ;        ;        ; 10.814 ;
; INPUT[27]  ; OUTPUT[27]  ; 9.169  ;        ;        ; 9.169  ;
; INPUT[28]  ; OUTPUT[27]  ; 10.291 ;        ;        ; 10.291 ;
; INPUT[28]  ; OUTPUT[28]  ; 10.483 ;        ;        ; 10.483 ;
; INPUT[29]  ; OUTPUT[28]  ; 10.792 ;        ;        ; 10.792 ;
; INPUT[29]  ; OUTPUT[29]  ; 9.667  ;        ;        ; 9.667  ;
; INPUT[30]  ; OUTPUT[29]  ; 10.567 ;        ;        ; 10.567 ;
; INPUT[30]  ; OUTPUT[30]  ; 9.822  ;        ;        ; 9.822  ;
; INPUT[31]  ; OUTPUT[30]  ; 10.370 ;        ;        ; 10.370 ;
; INPUT[31]  ; OUTPUT[31]  ; 9.463  ;        ;        ; 9.463  ;
; SLL8       ; OUTPUT[0]   ; 10.303 ; 10.303 ; 10.303 ; 10.303 ;
; SLL8       ; OUTPUT[1]   ; 10.252 ; 10.252 ; 10.252 ; 10.252 ;
; SLL8       ; OUTPUT[2]   ; 10.144 ; 10.144 ; 10.144 ; 10.144 ;
; SLL8       ; OUTPUT[3]   ; 10.404 ; 10.404 ; 10.404 ; 10.404 ;
; SLL8       ; OUTPUT[4]   ; 10.381 ; 10.381 ; 10.381 ; 10.381 ;
; SLL8       ; OUTPUT[5]   ; 11.450 ; 11.450 ; 11.450 ; 11.450 ;
; SLL8       ; OUTPUT[6]   ; 10.702 ; 10.702 ; 10.702 ; 10.702 ;
; SLL8       ; OUTPUT[7]   ; 10.475 ; 10.475 ; 10.475 ; 10.475 ;
; SLL8       ; OUTPUT[8]   ; 10.475 ; 10.475 ; 10.475 ; 10.475 ;
; SLL8       ; OUTPUT[9]   ; 10.270 ; 10.270 ; 10.270 ; 10.270 ;
; SLL8       ; OUTPUT[10]  ; 10.245 ; 10.245 ; 10.245 ; 10.245 ;
; SLL8       ; OUTPUT[11]  ; 10.375 ; 10.375 ; 10.375 ; 10.375 ;
; SLL8       ; OUTPUT[12]  ; 10.515 ; 10.515 ; 10.515 ; 10.515 ;
; SLL8       ; OUTPUT[13]  ; 10.536 ; 10.536 ; 10.536 ; 10.536 ;
; SLL8       ; OUTPUT[14]  ; 10.686 ; 10.686 ; 10.686 ; 10.686 ;
; SLL8       ; OUTPUT[15]  ; 10.718 ; 10.718 ; 10.718 ; 10.718 ;
; SLL8       ; OUTPUT[16]  ; 10.706 ; 10.706 ; 10.706 ; 10.706 ;
; SLL8       ; OUTPUT[17]  ; 10.280 ; 10.280 ; 10.280 ; 10.280 ;
; SLL8       ; OUTPUT[18]  ; 10.009 ; 10.009 ; 10.009 ; 10.009 ;
; SLL8       ; OUTPUT[19]  ; 10.128 ; 10.128 ; 10.128 ; 10.128 ;
; SLL8       ; OUTPUT[20]  ; 9.826  ; 9.826  ; 9.826  ; 9.826  ;
; SLL8       ; OUTPUT[21]  ; 9.690  ; 9.690  ; 9.690  ; 9.690  ;
; SLL8       ; OUTPUT[22]  ; 9.673  ; 9.673  ; 9.673  ; 9.673  ;
; SLL8       ; OUTPUT[23]  ; 9.481  ; 9.481  ; 9.481  ; 9.481  ;
; SLL8       ; OUTPUT[24]  ; 10.715 ; 10.715 ; 10.715 ; 10.715 ;
; SLL8       ; OUTPUT[25]  ; 10.481 ; 10.481 ; 10.481 ; 10.481 ;
; SLL8       ; OUTPUT[26]  ; 10.448 ; 10.448 ; 10.448 ; 10.448 ;
; SLL8       ; OUTPUT[27]  ; 9.857  ; 9.857  ; 9.857  ; 9.857  ;
; SLL8       ; OUTPUT[28]  ; 9.921  ; 9.921  ; 9.921  ; 9.921  ;
; SLL8       ; OUTPUT[29]  ; 9.478  ; 9.478  ; 9.478  ; 9.478  ;
; SLL8       ; OUTPUT[30]  ; 9.700  ; 9.700  ; 9.700  ; 9.700  ;
; SLL8       ; OUTPUT[31]  ; 9.617  ; 9.617  ; 9.617  ; 9.617  ;
; SRA1       ; OUTPUT[0]   ; 9.843  ; 9.843  ; 9.843  ; 9.843  ;
; SRA1       ; OUTPUT[1]   ; 9.796  ; 9.796  ; 9.796  ; 9.796  ;
; SRA1       ; OUTPUT[2]   ; 9.770  ; 9.770  ; 9.770  ; 9.770  ;
; SRA1       ; OUTPUT[3]   ; 10.342 ; 10.342 ; 10.342 ; 10.342 ;
; SRA1       ; OUTPUT[4]   ; 10.331 ; 10.331 ; 10.331 ; 10.331 ;
; SRA1       ; OUTPUT[5]   ; 10.814 ; 10.814 ; 10.814 ; 10.814 ;
; SRA1       ; OUTPUT[6]   ; 9.794  ; 9.794  ; 9.794  ; 9.794  ;
; SRA1       ; OUTPUT[7]   ; 9.568  ; 9.568  ; 9.568  ; 9.568  ;
; SRA1       ; OUTPUT[8]   ; 9.843  ; 9.843  ; 9.843  ; 9.843  ;
; SRA1       ; OUTPUT[9]   ; 9.797  ; 9.797  ; 9.797  ; 9.797  ;
; SRA1       ; OUTPUT[10]  ; 9.758  ; 9.758  ; 9.758  ; 9.758  ;
; SRA1       ; OUTPUT[11]  ; 10.316 ; 10.316 ; 10.316 ; 10.316 ;
; SRA1       ; OUTPUT[12]  ; 10.049 ; 10.049 ; 10.049 ; 10.049 ;
; SRA1       ; OUTPUT[13]  ; 10.074 ; 10.074 ; 10.074 ; 10.074 ;
; SRA1       ; OUTPUT[14]  ; 10.072 ; 10.072 ; 10.072 ; 10.072 ;
; SRA1       ; OUTPUT[15]  ; 9.822  ; 9.822  ; 9.822  ; 9.822  ;
; SRA1       ; OUTPUT[16]  ; 9.805  ; 9.805  ; 9.805  ; 9.805  ;
; SRA1       ; OUTPUT[17]  ; 9.812  ; 9.812  ; 9.812  ; 9.812  ;
; SRA1       ; OUTPUT[18]  ; 9.757  ; 9.757  ; 9.757  ; 9.757  ;
; SRA1       ; OUTPUT[19]  ; 10.018 ; 10.018 ; 10.018 ; 10.018 ;
; SRA1       ; OUTPUT[20]  ; 10.260 ; 10.260 ; 10.260 ; 10.260 ;
; SRA1       ; OUTPUT[21]  ; 10.284 ; 10.284 ; 10.284 ; 10.284 ;
; SRA1       ; OUTPUT[22]  ; 10.261 ; 10.261 ; 10.261 ; 10.261 ;
; SRA1       ; OUTPUT[23]  ; 10.051 ; 10.051 ; 10.051 ; 10.051 ;
; SRA1       ; OUTPUT[24]  ; 9.808  ; 9.808  ; 9.808  ; 9.808  ;
; SRA1       ; OUTPUT[25]  ; 9.573  ; 9.573  ; 9.573  ; 9.573  ;
; SRA1       ; OUTPUT[26]  ; 9.841  ; 9.841  ; 9.841  ; 9.841  ;
; SRA1       ; OUTPUT[27]  ; 9.806  ; 9.806  ; 9.806  ; 9.806  ;
; SRA1       ; OUTPUT[28]  ; 10.515 ; 10.515 ; 10.515 ; 10.515 ;
; SRA1       ; OUTPUT[29]  ; 10.042 ; 10.042 ; 10.042 ; 10.042 ;
; SRA1       ; OUTPUT[30]  ; 10.538 ; 10.538 ; 10.538 ; 10.538 ;
; SRA1       ; OUTPUT[31]  ; 10.070 ; 10.070 ; 10.070 ; 10.070 ;
+------------+-------------+--------+--------+--------+--------+


----------------------------
; Fast Model Setup Summary ;
----------------------------
No paths to report.


---------------------------
; Fast Model Hold Summary ;
---------------------------
No paths to report.


-------------------------------
; Fast Model Recovery Summary ;
-------------------------------
No paths to report.


------------------------------
; Fast Model Removal Summary ;
------------------------------
No paths to report.


------------------------------------------
; Fast Model Minimum Pulse Width Summary ;
------------------------------------------
No paths to report.


+----------------------------------------------------------+
; Propagation Delay                                        ;
+------------+-------------+-------+-------+-------+-------+
; Input Port ; Output Port ; RR    ; RF    ; FR    ; FF    ;
+------------+-------------+-------+-------+-------+-------+
; INPUT[0]   ; OUTPUT[0]   ; 5.177 ;       ;       ; 5.177 ;
; INPUT[0]   ; OUTPUT[8]   ; 5.875 ;       ;       ; 5.875 ;
; INPUT[1]   ; OUTPUT[0]   ; 5.132 ;       ;       ; 5.132 ;
; INPUT[1]   ; OUTPUT[1]   ; 5.109 ;       ;       ; 5.109 ;
; INPUT[1]   ; OUTPUT[9]   ; 5.399 ;       ;       ; 5.399 ;
; INPUT[2]   ; OUTPUT[1]   ; 5.189 ;       ;       ; 5.189 ;
; INPUT[2]   ; OUTPUT[2]   ; 5.161 ;       ;       ; 5.161 ;
; INPUT[2]   ; OUTPUT[10]  ; 5.453 ;       ;       ; 5.453 ;
; INPUT[3]   ; OUTPUT[2]   ; 5.205 ;       ;       ; 5.205 ;
; INPUT[3]   ; OUTPUT[3]   ; 5.156 ;       ;       ; 5.156 ;
; INPUT[3]   ; OUTPUT[11]  ; 5.420 ;       ;       ; 5.420 ;
; INPUT[4]   ; OUTPUT[3]   ; 5.146 ;       ;       ; 5.146 ;
; INPUT[4]   ; OUTPUT[4]   ; 4.949 ;       ;       ; 4.949 ;
; INPUT[4]   ; OUTPUT[12]  ; 5.411 ;       ;       ; 5.411 ;
; INPUT[5]   ; OUTPUT[4]   ; 5.275 ;       ;       ; 5.275 ;
; INPUT[5]   ; OUTPUT[5]   ; 5.801 ;       ;       ; 5.801 ;
; INPUT[5]   ; OUTPUT[13]  ; 5.938 ;       ;       ; 5.938 ;
; INPUT[6]   ; OUTPUT[5]   ; 5.706 ;       ;       ; 5.706 ;
; INPUT[6]   ; OUTPUT[6]   ; 5.341 ;       ;       ; 5.341 ;
; INPUT[6]   ; OUTPUT[14]  ; 5.513 ;       ;       ; 5.513 ;
; INPUT[7]   ; OUTPUT[6]   ; 5.481 ;       ;       ; 5.481 ;
; INPUT[7]   ; OUTPUT[7]   ; 5.379 ;       ;       ; 5.379 ;
; INPUT[7]   ; OUTPUT[15]  ; 5.788 ;       ;       ; 5.788 ;
; INPUT[8]   ; OUTPUT[7]   ; 5.536 ;       ;       ; 5.536 ;
; INPUT[8]   ; OUTPUT[8]   ; 5.538 ;       ;       ; 5.538 ;
; INPUT[8]   ; OUTPUT[16]  ; 5.806 ;       ;       ; 5.806 ;
; INPUT[9]   ; OUTPUT[8]   ; 5.829 ;       ;       ; 5.829 ;
; INPUT[9]   ; OUTPUT[9]   ; 5.177 ;       ;       ; 5.177 ;
; INPUT[9]   ; OUTPUT[17]  ; 5.386 ;       ;       ; 5.386 ;
; INPUT[10]  ; OUTPUT[9]   ; 5.460 ;       ;       ; 5.460 ;
; INPUT[10]  ; OUTPUT[10]  ; 5.138 ;       ;       ; 5.138 ;
; INPUT[10]  ; OUTPUT[18]  ; 5.250 ;       ;       ; 5.250 ;
; INPUT[11]  ; OUTPUT[10]  ; 5.772 ;       ;       ; 5.772 ;
; INPUT[11]  ; OUTPUT[11]  ; 5.368 ;       ;       ; 5.368 ;
; INPUT[11]  ; OUTPUT[19]  ; 6.665 ;       ;       ; 6.665 ;
; INPUT[12]  ; OUTPUT[11]  ; 5.217 ;       ;       ; 5.217 ;
; INPUT[12]  ; OUTPUT[12]  ; 5.054 ;       ;       ; 5.054 ;
; INPUT[12]  ; OUTPUT[20]  ; 5.944 ;       ;       ; 5.944 ;
; INPUT[13]  ; OUTPUT[12]  ; 5.927 ;       ;       ; 5.927 ;
; INPUT[13]  ; OUTPUT[13]  ; 5.654 ;       ;       ; 5.654 ;
; INPUT[13]  ; OUTPUT[21]  ; 6.125 ;       ;       ; 6.125 ;
; INPUT[14]  ; OUTPUT[13]  ; 5.982 ;       ;       ; 5.982 ;
; INPUT[14]  ; OUTPUT[14]  ; 5.493 ;       ;       ; 5.493 ;
; INPUT[14]  ; OUTPUT[22]  ; 5.861 ;       ;       ; 5.861 ;
; INPUT[15]  ; OUTPUT[14]  ; 5.886 ;       ;       ; 5.886 ;
; INPUT[15]  ; OUTPUT[15]  ; 5.832 ;       ;       ; 5.832 ;
; INPUT[15]  ; OUTPUT[23]  ; 5.670 ;       ;       ; 5.670 ;
; INPUT[16]  ; OUTPUT[15]  ; 5.792 ;       ;       ; 5.792 ;
; INPUT[16]  ; OUTPUT[16]  ; 5.489 ;       ;       ; 5.489 ;
; INPUT[16]  ; OUTPUT[24]  ; 5.695 ;       ;       ; 5.695 ;
; INPUT[17]  ; OUTPUT[16]  ; 5.789 ;       ;       ; 5.789 ;
; INPUT[17]  ; OUTPUT[17]  ; 5.456 ;       ;       ; 5.456 ;
; INPUT[17]  ; OUTPUT[25]  ; 5.681 ;       ;       ; 5.681 ;
; INPUT[18]  ; OUTPUT[17]  ; 5.164 ;       ;       ; 5.164 ;
; INPUT[18]  ; OUTPUT[18]  ; 4.827 ;       ;       ; 4.827 ;
; INPUT[18]  ; OUTPUT[26]  ; 5.614 ;       ;       ; 5.614 ;
; INPUT[19]  ; OUTPUT[18]  ; 5.185 ;       ;       ; 5.185 ;
; INPUT[19]  ; OUTPUT[19]  ; 5.091 ;       ;       ; 5.091 ;
; INPUT[19]  ; OUTPUT[27]  ; 5.135 ;       ;       ; 5.135 ;
; INPUT[20]  ; OUTPUT[19]  ; 6.330 ;       ;       ; 6.330 ;
; INPUT[20]  ; OUTPUT[20]  ; 5.319 ;       ;       ; 5.319 ;
; INPUT[20]  ; OUTPUT[28]  ; 5.710 ;       ;       ; 5.710 ;
; INPUT[21]  ; OUTPUT[20]  ; 5.841 ;       ;       ; 5.841 ;
; INPUT[21]  ; OUTPUT[21]  ; 5.554 ;       ;       ; 5.554 ;
; INPUT[21]  ; OUTPUT[29]  ; 5.655 ;       ;       ; 5.655 ;
; INPUT[22]  ; OUTPUT[21]  ; 5.860 ;       ;       ; 5.860 ;
; INPUT[22]  ; OUTPUT[22]  ; 5.548 ;       ;       ; 5.548 ;
; INPUT[22]  ; OUTPUT[30]  ; 5.730 ;       ;       ; 5.730 ;
; INPUT[23]  ; OUTPUT[22]  ; 5.637 ;       ;       ; 5.637 ;
; INPUT[23]  ; OUTPUT[23]  ; 5.341 ;       ;       ; 5.341 ;
; INPUT[23]  ; OUTPUT[31]  ; 5.271 ;       ;       ; 5.271 ;
; INPUT[24]  ; OUTPUT[23]  ; 5.918 ;       ;       ; 5.918 ;
; INPUT[24]  ; OUTPUT[24]  ; 5.580 ;       ;       ; 5.580 ;
; INPUT[25]  ; OUTPUT[24]  ; 5.532 ;       ;       ; 5.532 ;
; INPUT[25]  ; OUTPUT[25]  ; 5.263 ;       ;       ; 5.263 ;
; INPUT[26]  ; OUTPUT[25]  ; 5.568 ;       ;       ; 5.568 ;
; INPUT[26]  ; OUTPUT[26]  ; 5.356 ;       ;       ; 5.356 ;
; INPUT[27]  ; OUTPUT[26]  ; 5.914 ;       ;       ; 5.914 ;
; INPUT[27]  ; OUTPUT[27]  ; 5.127 ;       ;       ; 5.127 ;
; INPUT[28]  ; OUTPUT[27]  ; 5.636 ;       ;       ; 5.636 ;
; INPUT[28]  ; OUTPUT[28]  ; 5.749 ;       ;       ; 5.749 ;
; INPUT[29]  ; OUTPUT[28]  ; 5.854 ;       ;       ; 5.854 ;
; INPUT[29]  ; OUTPUT[29]  ; 5.352 ;       ;       ; 5.352 ;
; INPUT[30]  ; OUTPUT[29]  ; 5.750 ;       ;       ; 5.750 ;
; INPUT[30]  ; OUTPUT[30]  ; 5.434 ;       ;       ; 5.434 ;
; INPUT[31]  ; OUTPUT[30]  ; 5.645 ;       ;       ; 5.645 ;
; INPUT[31]  ; OUTPUT[31]  ; 5.268 ;       ;       ; 5.268 ;
; SLL8       ; OUTPUT[0]   ; 5.702 ; 5.702 ; 5.702 ; 5.702 ;
; SLL8       ; OUTPUT[1]   ; 5.672 ; 5.672 ; 5.672 ; 5.672 ;
; SLL8       ; OUTPUT[2]   ; 5.585 ; 5.585 ; 5.585 ; 5.585 ;
; SLL8       ; OUTPUT[3]   ; 5.767 ; 5.767 ; 5.767 ; 5.767 ;
; SLL8       ; OUTPUT[4]   ; 5.699 ; 5.699 ; 5.699 ; 5.699 ;
; SLL8       ; OUTPUT[5]   ; 6.273 ; 6.273 ; 6.273 ; 6.273 ;
; SLL8       ; OUTPUT[6]   ; 5.913 ; 5.913 ; 5.913 ; 5.913 ;
; SLL8       ; OUTPUT[7]   ; 5.812 ; 5.812 ; 5.812 ; 5.812 ;
; SLL8       ; OUTPUT[8]   ; 6.321 ; 6.321 ; 6.321 ; 6.321 ;
; SLL8       ; OUTPUT[9]   ; 5.966 ; 5.966 ; 5.966 ; 5.966 ;
; SLL8       ; OUTPUT[10]  ; 5.940 ; 5.940 ; 5.940 ; 5.940 ;
; SLL8       ; OUTPUT[11]  ; 5.971 ; 5.971 ; 5.971 ; 5.971 ;
; SLL8       ; OUTPUT[12]  ; 6.101 ; 6.101 ; 6.101 ; 6.101 ;
; SLL8       ; OUTPUT[13]  ; 6.413 ; 6.413 ; 6.413 ; 6.413 ;
; SLL8       ; OUTPUT[14]  ; 6.082 ; 6.082 ; 6.082 ; 6.082 ;
; SLL8       ; OUTPUT[15]  ; 6.212 ; 6.212 ; 6.212 ; 6.212 ;
; SLL8       ; OUTPUT[16]  ; 6.284 ; 6.284 ; 6.284 ; 6.284 ;
; SLL8       ; OUTPUT[17]  ; 5.879 ; 5.879 ; 5.879 ; 5.879 ;
; SLL8       ; OUTPUT[18]  ; 5.758 ; 5.758 ; 5.758 ; 5.758 ;
; SLL8       ; OUTPUT[19]  ; 6.328 ; 6.328 ; 6.328 ; 6.328 ;
; SLL8       ; OUTPUT[20]  ; 5.839 ; 5.839 ; 5.839 ; 5.839 ;
; SLL8       ; OUTPUT[21]  ; 5.682 ; 5.682 ; 5.682 ; 5.682 ;
; SLL8       ; OUTPUT[22]  ; 5.739 ; 5.739 ; 5.739 ; 5.739 ;
; SLL8       ; OUTPUT[23]  ; 5.758 ; 5.758 ; 5.758 ; 5.758 ;
; SLL8       ; OUTPUT[24]  ; 6.290 ; 6.290 ; 6.290 ; 6.290 ;
; SLL8       ; OUTPUT[25]  ; 6.167 ; 6.167 ; 6.167 ; 6.167 ;
; SLL8       ; OUTPUT[26]  ; 6.261 ; 6.261 ; 6.261 ; 6.261 ;
; SLL8       ; OUTPUT[27]  ; 5.634 ; 5.634 ; 5.634 ; 5.634 ;
; SLL8       ; OUTPUT[28]  ; 5.859 ; 5.859 ; 5.859 ; 5.859 ;
; SLL8       ; OUTPUT[29]  ; 5.651 ; 5.651 ; 5.651 ; 5.651 ;
; SLL8       ; OUTPUT[30]  ; 5.685 ; 5.685 ; 5.685 ; 5.685 ;
; SLL8       ; OUTPUT[31]  ; 5.374 ; 5.374 ; 5.374 ; 5.374 ;
; SRA1       ; OUTPUT[0]   ; 5.449 ; 5.449 ; 5.449 ; 5.449 ;
; SRA1       ; OUTPUT[1]   ; 5.427 ; 5.427 ; 5.427 ; 5.427 ;
; SRA1       ; OUTPUT[2]   ; 5.406 ; 5.406 ; 5.406 ; 5.406 ;
; SRA1       ; OUTPUT[3]   ; 5.710 ; 5.710 ; 5.710 ; 5.710 ;
; SRA1       ; OUTPUT[4]   ; 5.653 ; 5.653 ; 5.653 ; 5.653 ;
; SRA1       ; OUTPUT[5]   ; 5.944 ; 5.944 ; 5.944 ; 5.944 ;
; SRA1       ; OUTPUT[6]   ; 5.467 ; 5.467 ; 5.467 ; 5.467 ;
; SRA1       ; OUTPUT[7]   ; 5.366 ; 5.366 ; 5.366 ; 5.366 ;
; SRA1       ; OUTPUT[8]   ; 6.071 ; 6.071 ; 6.071 ; 6.071 ;
; SRA1       ; OUTPUT[9]   ; 5.716 ; 5.716 ; 5.716 ; 5.716 ;
; SRA1       ; OUTPUT[10]  ; 5.689 ; 5.689 ; 5.689 ; 5.689 ;
; SRA1       ; OUTPUT[11]  ; 5.733 ; 5.733 ; 5.733 ; 5.733 ;
; SRA1       ; OUTPUT[12]  ; 5.867 ; 5.867 ; 5.867 ; 5.867 ;
; SRA1       ; OUTPUT[13]  ; 6.085 ; 6.085 ; 6.085 ; 6.085 ;
; SRA1       ; OUTPUT[14]  ; 5.636 ; 5.636 ; 5.636 ; 5.636 ;
; SRA1       ; OUTPUT[15]  ; 5.777 ; 5.777 ; 5.777 ; 5.777 ;
; SRA1       ; OUTPUT[16]  ; 5.882 ; 5.882 ; 5.882 ; 5.882 ;
; SRA1       ; OUTPUT[17]  ; 5.723 ; 5.723 ; 5.723 ; 5.723 ;
; SRA1       ; OUTPUT[18]  ; 5.600 ; 5.600 ; 5.600 ; 5.600 ;
; SRA1       ; OUTPUT[19]  ; 6.653 ; 6.653 ; 6.653 ; 6.653 ;
; SRA1       ; OUTPUT[20]  ; 6.079 ; 6.079 ; 6.079 ; 6.079 ;
; SRA1       ; OUTPUT[21]  ; 5.999 ; 5.999 ; 5.999 ; 5.999 ;
; SRA1       ; OUTPUT[22]  ; 5.972 ; 5.972 ; 5.972 ; 5.972 ;
; SRA1       ; OUTPUT[23]  ; 5.993 ; 5.993 ; 5.993 ; 5.993 ;
; SRA1       ; OUTPUT[24]  ; 5.883 ; 5.883 ; 5.883 ; 5.883 ;
; SRA1       ; OUTPUT[25]  ; 5.775 ; 5.775 ; 5.775 ; 5.775 ;
; SRA1       ; OUTPUT[26]  ; 6.208 ; 6.208 ; 6.208 ; 6.208 ;
; SRA1       ; OUTPUT[27]  ; 5.550 ; 5.550 ; 5.550 ; 5.550 ;
; SRA1       ; OUTPUT[28]  ; 6.113 ; 6.113 ; 6.113 ; 6.113 ;
; SRA1       ; OUTPUT[29]  ; 5.902 ; 5.902 ; 5.902 ; 5.902 ;
; SRA1       ; OUTPUT[30]  ; 6.128 ; 6.128 ; 6.128 ; 6.128 ;
; SRA1       ; OUTPUT[31]  ; 5.627 ; 5.627 ; 5.627 ; 5.627 ;
+------------+-------------+-------+-------+-------+-------+


+----------------------------------------------------------+
; Minimum Propagation Delay                                ;
+------------+-------------+-------+-------+-------+-------+
; Input Port ; Output Port ; RR    ; RF    ; FR    ; FF    ;
+------------+-------------+-------+-------+-------+-------+
; INPUT[0]   ; OUTPUT[0]   ; 5.177 ;       ;       ; 5.177 ;
; INPUT[0]   ; OUTPUT[8]   ; 5.875 ;       ;       ; 5.875 ;
; INPUT[1]   ; OUTPUT[0]   ; 5.132 ;       ;       ; 5.132 ;
; INPUT[1]   ; OUTPUT[1]   ; 5.109 ;       ;       ; 5.109 ;
; INPUT[1]   ; OUTPUT[9]   ; 5.399 ;       ;       ; 5.399 ;
; INPUT[2]   ; OUTPUT[1]   ; 5.189 ;       ;       ; 5.189 ;
; INPUT[2]   ; OUTPUT[2]   ; 5.161 ;       ;       ; 5.161 ;
; INPUT[2]   ; OUTPUT[10]  ; 5.453 ;       ;       ; 5.453 ;
; INPUT[3]   ; OUTPUT[2]   ; 5.205 ;       ;       ; 5.205 ;
; INPUT[3]   ; OUTPUT[3]   ; 5.156 ;       ;       ; 5.156 ;
; INPUT[3]   ; OUTPUT[11]  ; 5.420 ;       ;       ; 5.420 ;
; INPUT[4]   ; OUTPUT[3]   ; 5.146 ;       ;       ; 5.146 ;
; INPUT[4]   ; OUTPUT[4]   ; 4.949 ;       ;       ; 4.949 ;
; INPUT[4]   ; OUTPUT[12]  ; 5.411 ;       ;       ; 5.411 ;
; INPUT[5]   ; OUTPUT[4]   ; 5.275 ;       ;       ; 5.275 ;
; INPUT[5]   ; OUTPUT[5]   ; 5.801 ;       ;       ; 5.801 ;
; INPUT[5]   ; OUTPUT[13]  ; 5.938 ;       ;       ; 5.938 ;
; INPUT[6]   ; OUTPUT[5]   ; 5.706 ;       ;       ; 5.706 ;
; INPUT[6]   ; OUTPUT[6]   ; 5.341 ;       ;       ; 5.341 ;
; INPUT[6]   ; OUTPUT[14]  ; 5.513 ;       ;       ; 5.513 ;
; INPUT[7]   ; OUTPUT[6]   ; 5.481 ;       ;       ; 5.481 ;
; INPUT[7]   ; OUTPUT[7]   ; 5.379 ;       ;       ; 5.379 ;
; INPUT[7]   ; OUTPUT[15]  ; 5.788 ;       ;       ; 5.788 ;
; INPUT[8]   ; OUTPUT[7]   ; 5.536 ;       ;       ; 5.536 ;
; INPUT[8]   ; OUTPUT[8]   ; 5.538 ;       ;       ; 5.538 ;
; INPUT[8]   ; OUTPUT[16]  ; 5.806 ;       ;       ; 5.806 ;
; INPUT[9]   ; OUTPUT[8]   ; 5.829 ;       ;       ; 5.829 ;
; INPUT[9]   ; OUTPUT[9]   ; 5.177 ;       ;       ; 5.177 ;
; INPUT[9]   ; OUTPUT[17]  ; 5.386 ;       ;       ; 5.386 ;
; INPUT[10]  ; OUTPUT[9]   ; 5.460 ;       ;       ; 5.460 ;
; INPUT[10]  ; OUTPUT[10]  ; 5.138 ;       ;       ; 5.138 ;
; INPUT[10]  ; OUTPUT[18]  ; 5.250 ;       ;       ; 5.250 ;
; INPUT[11]  ; OUTPUT[10]  ; 5.772 ;       ;       ; 5.772 ;
; INPUT[11]  ; OUTPUT[11]  ; 5.368 ;       ;       ; 5.368 ;
; INPUT[11]  ; OUTPUT[19]  ; 6.665 ;       ;       ; 6.665 ;
; INPUT[12]  ; OUTPUT[11]  ; 5.217 ;       ;       ; 5.217 ;
; INPUT[12]  ; OUTPUT[12]  ; 5.054 ;       ;       ; 5.054 ;
; INPUT[12]  ; OUTPUT[20]  ; 5.944 ;       ;       ; 5.944 ;
; INPUT[13]  ; OUTPUT[12]  ; 5.927 ;       ;       ; 5.927 ;
; INPUT[13]  ; OUTPUT[13]  ; 5.654 ;       ;       ; 5.654 ;
; INPUT[13]  ; OUTPUT[21]  ; 6.125 ;       ;       ; 6.125 ;
; INPUT[14]  ; OUTPUT[13]  ; 5.982 ;       ;       ; 5.982 ;
; INPUT[14]  ; OUTPUT[14]  ; 5.493 ;       ;       ; 5.493 ;
; INPUT[14]  ; OUTPUT[22]  ; 5.861 ;       ;       ; 5.861 ;
; INPUT[15]  ; OUTPUT[14]  ; 5.886 ;       ;       ; 5.886 ;
; INPUT[15]  ; OUTPUT[15]  ; 5.832 ;       ;       ; 5.832 ;
; INPUT[15]  ; OUTPUT[23]  ; 5.670 ;       ;       ; 5.670 ;
; INPUT[16]  ; OUTPUT[15]  ; 5.792 ;       ;       ; 5.792 ;
; INPUT[16]  ; OUTPUT[16]  ; 5.489 ;       ;       ; 5.489 ;
; INPUT[16]  ; OUTPUT[24]  ; 5.695 ;       ;       ; 5.695 ;
; INPUT[17]  ; OUTPUT[16]  ; 5.789 ;       ;       ; 5.789 ;
; INPUT[17]  ; OUTPUT[17]  ; 5.456 ;       ;       ; 5.456 ;
; INPUT[17]  ; OUTPUT[25]  ; 5.681 ;       ;       ; 5.681 ;
; INPUT[18]  ; OUTPUT[17]  ; 5.164 ;       ;       ; 5.164 ;
; INPUT[18]  ; OUTPUT[18]  ; 4.827 ;       ;       ; 4.827 ;
; INPUT[18]  ; OUTPUT[26]  ; 5.614 ;       ;       ; 5.614 ;
; INPUT[19]  ; OUTPUT[18]  ; 5.185 ;       ;       ; 5.185 ;
; INPUT[19]  ; OUTPUT[19]  ; 5.091 ;       ;       ; 5.091 ;
; INPUT[19]  ; OUTPUT[27]  ; 5.135 ;       ;       ; 5.135 ;
; INPUT[20]  ; OUTPUT[19]  ; 6.330 ;       ;       ; 6.330 ;
; INPUT[20]  ; OUTPUT[20]  ; 5.319 ;       ;       ; 5.319 ;
; INPUT[20]  ; OUTPUT[28]  ; 5.710 ;       ;       ; 5.710 ;
; INPUT[21]  ; OUTPUT[20]  ; 5.841 ;       ;       ; 5.841 ;
; INPUT[21]  ; OUTPUT[21]  ; 5.554 ;       ;       ; 5.554 ;
; INPUT[21]  ; OUTPUT[29]  ; 5.655 ;       ;       ; 5.655 ;
; INPUT[22]  ; OUTPUT[21]  ; 5.860 ;       ;       ; 5.860 ;
; INPUT[22]  ; OUTPUT[22]  ; 5.548 ;       ;       ; 5.548 ;
; INPUT[22]  ; OUTPUT[30]  ; 5.730 ;       ;       ; 5.730 ;
; INPUT[23]  ; OUTPUT[22]  ; 5.637 ;       ;       ; 5.637 ;
; INPUT[23]  ; OUTPUT[23]  ; 5.341 ;       ;       ; 5.341 ;
; INPUT[23]  ; OUTPUT[31]  ; 5.271 ;       ;       ; 5.271 ;
; INPUT[24]  ; OUTPUT[23]  ; 5.918 ;       ;       ; 5.918 ;
; INPUT[24]  ; OUTPUT[24]  ; 5.580 ;       ;       ; 5.580 ;
; INPUT[25]  ; OUTPUT[24]  ; 5.532 ;       ;       ; 5.532 ;
; INPUT[25]  ; OUTPUT[25]  ; 5.263 ;       ;       ; 5.263 ;
; INPUT[26]  ; OUTPUT[25]  ; 5.568 ;       ;       ; 5.568 ;
; INPUT[26]  ; OUTPUT[26]  ; 5.356 ;       ;       ; 5.356 ;
; INPUT[27]  ; OUTPUT[26]  ; 5.914 ;       ;       ; 5.914 ;
; INPUT[27]  ; OUTPUT[27]  ; 5.127 ;       ;       ; 5.127 ;
; INPUT[28]  ; OUTPUT[27]  ; 5.636 ;       ;       ; 5.636 ;
; INPUT[28]  ; OUTPUT[28]  ; 5.749 ;       ;       ; 5.749 ;
; INPUT[29]  ; OUTPUT[28]  ; 5.854 ;       ;       ; 5.854 ;
; INPUT[29]  ; OUTPUT[29]  ; 5.352 ;       ;       ; 5.352 ;
; INPUT[30]  ; OUTPUT[29]  ; 5.750 ;       ;       ; 5.750 ;
; INPUT[30]  ; OUTPUT[30]  ; 5.434 ;       ;       ; 5.434 ;
; INPUT[31]  ; OUTPUT[30]  ; 5.645 ;       ;       ; 5.645 ;
; INPUT[31]  ; OUTPUT[31]  ; 5.268 ;       ;       ; 5.268 ;
; SLL8       ; OUTPUT[0]   ; 5.702 ; 5.702 ; 5.702 ; 5.702 ;
; SLL8       ; OUTPUT[1]   ; 5.672 ; 5.672 ; 5.672 ; 5.672 ;
; SLL8       ; OUTPUT[2]   ; 5.585 ; 5.585 ; 5.585 ; 5.585 ;
; SLL8       ; OUTPUT[3]   ; 5.767 ; 5.767 ; 5.767 ; 5.767 ;
; SLL8       ; OUTPUT[4]   ; 5.699 ; 5.699 ; 5.699 ; 5.699 ;
; SLL8       ; OUTPUT[5]   ; 6.273 ; 6.273 ; 6.273 ; 6.273 ;
; SLL8       ; OUTPUT[6]   ; 5.913 ; 5.913 ; 5.913 ; 5.913 ;
; SLL8       ; OUTPUT[7]   ; 5.812 ; 5.812 ; 5.812 ; 5.812 ;
; SLL8       ; OUTPUT[8]   ; 5.813 ; 5.813 ; 5.813 ; 5.813 ;
; SLL8       ; OUTPUT[9]   ; 5.671 ; 5.671 ; 5.671 ; 5.671 ;
; SLL8       ; OUTPUT[10]  ; 5.651 ; 5.651 ; 5.651 ; 5.651 ;
; SLL8       ; OUTPUT[11]  ; 5.744 ; 5.744 ; 5.744 ; 5.744 ;
; SLL8       ; OUTPUT[12]  ; 5.815 ; 5.815 ; 5.815 ; 5.815 ;
; SLL8       ; OUTPUT[13]  ; 5.834 ; 5.834 ; 5.834 ; 5.834 ;
; SLL8       ; OUTPUT[14]  ; 5.907 ; 5.907 ; 5.907 ; 5.907 ;
; SLL8       ; OUTPUT[15]  ; 5.929 ; 5.929 ; 5.929 ; 5.929 ;
; SLL8       ; OUTPUT[16]  ; 5.921 ; 5.921 ; 5.921 ; 5.921 ;
; SLL8       ; OUTPUT[17]  ; 5.664 ; 5.664 ; 5.664 ; 5.664 ;
; SLL8       ; OUTPUT[18]  ; 5.547 ; 5.547 ; 5.547 ; 5.547 ;
; SLL8       ; OUTPUT[19]  ; 5.598 ; 5.598 ; 5.598 ; 5.598 ;
; SLL8       ; OUTPUT[20]  ; 5.463 ; 5.463 ; 5.463 ; 5.463 ;
; SLL8       ; OUTPUT[21]  ; 5.397 ; 5.397 ; 5.397 ; 5.397 ;
; SLL8       ; OUTPUT[22]  ; 5.377 ; 5.377 ; 5.377 ; 5.377 ;
; SLL8       ; OUTPUT[23]  ; 5.307 ; 5.307 ; 5.307 ; 5.307 ;
; SLL8       ; OUTPUT[24]  ; 5.929 ; 5.929 ; 5.929 ; 5.929 ;
; SLL8       ; OUTPUT[25]  ; 5.814 ; 5.814 ; 5.814 ; 5.814 ;
; SLL8       ; OUTPUT[26]  ; 5.790 ; 5.790 ; 5.790 ; 5.790 ;
; SLL8       ; OUTPUT[27]  ; 5.474 ; 5.474 ; 5.474 ; 5.474 ;
; SLL8       ; OUTPUT[28]  ; 5.504 ; 5.504 ; 5.504 ; 5.504 ;
; SLL8       ; OUTPUT[29]  ; 5.306 ; 5.306 ; 5.306 ; 5.306 ;
; SLL8       ; OUTPUT[30]  ; 5.405 ; 5.405 ; 5.405 ; 5.405 ;
; SLL8       ; OUTPUT[31]  ; 5.374 ; 5.374 ; 5.374 ; 5.374 ;
; SRA1       ; OUTPUT[0]   ; 5.449 ; 5.449 ; 5.449 ; 5.449 ;
; SRA1       ; OUTPUT[1]   ; 5.427 ; 5.427 ; 5.427 ; 5.427 ;
; SRA1       ; OUTPUT[2]   ; 5.406 ; 5.406 ; 5.406 ; 5.406 ;
; SRA1       ; OUTPUT[3]   ; 5.710 ; 5.710 ; 5.710 ; 5.710 ;
; SRA1       ; OUTPUT[4]   ; 5.653 ; 5.653 ; 5.653 ; 5.653 ;
; SRA1       ; OUTPUT[5]   ; 5.944 ; 5.944 ; 5.944 ; 5.944 ;
; SRA1       ; OUTPUT[6]   ; 5.467 ; 5.467 ; 5.467 ; 5.467 ;
; SRA1       ; OUTPUT[7]   ; 5.366 ; 5.366 ; 5.366 ; 5.366 ;
; SRA1       ; OUTPUT[8]   ; 5.485 ; 5.485 ; 5.485 ; 5.485 ;
; SRA1       ; OUTPUT[9]   ; 5.428 ; 5.428 ; 5.428 ; 5.428 ;
; SRA1       ; OUTPUT[10]  ; 5.398 ; 5.398 ; 5.398 ; 5.398 ;
; SRA1       ; OUTPUT[11]  ; 5.687 ; 5.687 ; 5.687 ; 5.687 ;
; SRA1       ; OUTPUT[12]  ; 5.575 ; 5.575 ; 5.575 ; 5.575 ;
; SRA1       ; OUTPUT[13]  ; 5.598 ; 5.598 ; 5.598 ; 5.598 ;
; SRA1       ; OUTPUT[14]  ; 5.592 ; 5.592 ; 5.592 ; 5.592 ;
; SRA1       ; OUTPUT[15]  ; 5.494 ; 5.494 ; 5.494 ; 5.494 ;
; SRA1       ; OUTPUT[16]  ; 5.478 ; 5.478 ; 5.478 ; 5.478 ;
; SRA1       ; OUTPUT[17]  ; 5.428 ; 5.428 ; 5.428 ; 5.428 ;
; SRA1       ; OUTPUT[18]  ; 5.383 ; 5.383 ; 5.383 ; 5.383 ;
; SRA1       ; OUTPUT[19]  ; 5.505 ; 5.505 ; 5.505 ; 5.505 ;
; SRA1       ; OUTPUT[20]  ; 5.700 ; 5.700 ; 5.700 ; 5.700 ;
; SRA1       ; OUTPUT[21]  ; 5.722 ; 5.722 ; 5.722 ; 5.722 ;
; SRA1       ; OUTPUT[22]  ; 5.699 ; 5.699 ; 5.699 ; 5.699 ;
; SRA1       ; OUTPUT[23]  ; 5.613 ; 5.613 ; 5.613 ; 5.613 ;
; SRA1       ; OUTPUT[24]  ; 5.483 ; 5.483 ; 5.483 ; 5.483 ;
; SRA1       ; OUTPUT[25]  ; 5.368 ; 5.368 ; 5.368 ; 5.368 ;
; SRA1       ; OUTPUT[26]  ; 5.484 ; 5.484 ; 5.484 ; 5.484 ;
; SRA1       ; OUTPUT[27]  ; 5.421 ; 5.421 ; 5.421 ; 5.421 ;
; SRA1       ; OUTPUT[28]  ; 5.829 ; 5.829 ; 5.829 ; 5.829 ;
; SRA1       ; OUTPUT[29]  ; 5.607 ; 5.607 ; 5.607 ; 5.607 ;
; SRA1       ; OUTPUT[30]  ; 5.823 ; 5.823 ; 5.823 ; 5.823 ;
; SRA1       ; OUTPUT[31]  ; 5.627 ; 5.627 ; 5.627 ; 5.627 ;
+------------+-------------+-------+-------+-------+-------+


+----------------------------------------------------------------------------+
; Multicorner Timing Analysis Summary                                        ;
+------------------+-------+------+----------+---------+---------------------+
; Clock            ; Setup ; Hold ; Recovery ; Removal ; Minimum Pulse Width ;
+------------------+-------+------+----------+---------+---------------------+
; Worst-case Slack ; N/A   ; N/A  ; N/A      ; N/A     ; N/A                 ;
; Design-wide TNS  ; 0.0   ; 0.0  ; 0.0      ; 0.0     ; 0.0                 ;
+------------------+-------+------+----------+---------+---------------------+


+--------------------------------------------------------------+
; Progagation Delay                                            ;
+------------+-------------+--------+--------+--------+--------+
; Input Port ; Output Port ; RR     ; RF     ; FR     ; FF     ;
+------------+-------------+--------+--------+--------+--------+
; INPUT[0]   ; OUTPUT[0]   ; 9.296  ;        ;        ; 9.296  ;
; INPUT[0]   ; OUTPUT[8]   ; 10.776 ;        ;        ; 10.776 ;
; INPUT[1]   ; OUTPUT[0]   ; 9.190  ;        ;        ; 9.190  ;
; INPUT[1]   ; OUTPUT[1]   ; 9.140  ;        ;        ; 9.140  ;
; INPUT[1]   ; OUTPUT[9]   ; 9.839  ;        ;        ; 9.839  ;
; INPUT[2]   ; OUTPUT[1]   ; 9.286  ;        ;        ; 9.286  ;
; INPUT[2]   ; OUTPUT[2]   ; 9.253  ;        ;        ; 9.253  ;
; INPUT[2]   ; OUTPUT[10]  ; 9.952  ;        ;        ; 9.952  ;
; INPUT[3]   ; OUTPUT[2]   ; 9.333  ;        ;        ; 9.333  ;
; INPUT[3]   ; OUTPUT[3]   ; 9.121  ;        ;        ; 9.121  ;
; INPUT[3]   ; OUTPUT[11]  ; 9.783  ;        ;        ; 9.783  ;
; INPUT[4]   ; OUTPUT[3]   ; 9.140  ;        ;        ; 9.140  ;
; INPUT[4]   ; OUTPUT[4]   ; 8.810  ;        ;        ; 8.810  ;
; INPUT[4]   ; OUTPUT[12]  ; 9.812  ;        ;        ; 9.812  ;
; INPUT[5]   ; OUTPUT[4]   ; 9.617  ;        ;        ; 9.617  ;
; INPUT[5]   ; OUTPUT[5]   ; 10.584 ;        ;        ; 10.584 ;
; INPUT[5]   ; OUTPUT[13]  ; 10.978 ;        ;        ; 10.978 ;
; INPUT[6]   ; OUTPUT[5]   ; 10.413 ;        ;        ; 10.413 ;
; INPUT[6]   ; OUTPUT[6]   ; 9.661  ;        ;        ; 9.661  ;
; INPUT[6]   ; OUTPUT[14]  ; 10.058 ;        ;        ; 10.058 ;
; INPUT[7]   ; OUTPUT[6]   ; 9.904  ;        ;        ; 9.904  ;
; INPUT[7]   ; OUTPUT[7]   ; 9.677  ;        ;        ; 9.677  ;
; INPUT[7]   ; OUTPUT[15]  ; 10.595 ;        ;        ; 10.595 ;
; INPUT[8]   ; OUTPUT[7]   ; 9.905  ;        ;        ; 9.905  ;
; INPUT[8]   ; OUTPUT[8]   ; 9.911  ;        ;        ; 9.911  ;
; INPUT[8]   ; OUTPUT[16]  ; 10.510 ;        ;        ; 10.510 ;
; INPUT[9]   ; OUTPUT[8]   ; 10.638 ;        ;        ; 10.638 ;
; INPUT[9]   ; OUTPUT[9]   ; 9.274  ;        ;        ; 9.274  ;
; INPUT[9]   ; OUTPUT[17]  ; 9.782  ;        ;        ; 9.782  ;
; INPUT[10]  ; OUTPUT[9]   ; 9.957  ;        ;        ; 9.957  ;
; INPUT[10]  ; OUTPUT[10]  ; 9.221  ;        ;        ; 9.221  ;
; INPUT[10]  ; OUTPUT[18]  ; 9.483  ;        ;        ; 9.483  ;
; INPUT[11]  ; OUTPUT[10]  ; 10.686 ;        ;        ; 10.686 ;
; INPUT[11]  ; OUTPUT[11]  ; 9.688  ;        ;        ; 9.688  ;
; INPUT[11]  ; OUTPUT[19]  ; 12.538 ;        ;        ; 12.538 ;
; INPUT[12]  ; OUTPUT[11]  ; 9.332  ;        ;        ; 9.332  ;
; INPUT[12]  ; OUTPUT[12]  ; 8.946  ;        ;        ; 8.946  ;
; INPUT[12]  ; OUTPUT[20]  ; 10.901 ;        ;        ; 10.901 ;
; INPUT[13]  ; OUTPUT[12]  ; 10.820 ;        ;        ; 10.820 ;
; INPUT[13]  ; OUTPUT[13]  ; 10.144 ;        ;        ; 10.144 ;
; INPUT[13]  ; OUTPUT[21]  ; 11.311 ;        ;        ; 11.311 ;
; INPUT[14]  ; OUTPUT[13]  ; 11.080 ;        ;        ; 11.080 ;
; INPUT[14]  ; OUTPUT[14]  ; 9.942  ;        ;        ; 9.942  ;
; INPUT[14]  ; OUTPUT[22]  ; 10.820 ;        ;        ; 10.820 ;
; INPUT[15]  ; OUTPUT[14]  ; 10.756 ;        ;        ; 10.756 ;
; INPUT[15]  ; OUTPUT[15]  ; 10.621 ;        ;        ; 10.621 ;
; INPUT[15]  ; OUTPUT[23]  ; 10.417 ;        ;        ; 10.417 ;
; INPUT[16]  ; OUTPUT[15]  ; 10.604 ;        ;        ; 10.604 ;
; INPUT[16]  ; OUTPUT[16]  ; 9.923  ;        ;        ; 9.923  ;
; INPUT[16]  ; OUTPUT[24]  ; 10.417 ;        ;        ; 10.417 ;
; INPUT[17]  ; OUTPUT[16]  ; 10.637 ;        ;        ; 10.637 ;
; INPUT[17]  ; OUTPUT[17]  ; 9.976  ;        ;        ; 9.976  ;
; INPUT[17]  ; OUTPUT[25]  ; 10.408 ;        ;        ; 10.408 ;
; INPUT[18]  ; OUTPUT[17]  ; 9.271  ;        ;        ; 9.271  ;
; INPUT[18]  ; OUTPUT[18]  ; 8.496  ;        ;        ; 8.496  ;
; INPUT[18]  ; OUTPUT[26]  ; 10.143 ;        ;        ; 10.143 ;
; INPUT[19]  ; OUTPUT[18]  ; 9.333  ;        ;        ; 9.333  ;
; INPUT[19]  ; OUTPUT[19]  ; 9.093  ;        ;        ; 9.093  ;
; INPUT[19]  ; OUTPUT[27]  ; 9.228  ;        ;        ; 9.228  ;
; INPUT[20]  ; OUTPUT[19]  ; 11.868 ;        ;        ; 11.868 ;
; INPUT[20]  ; OUTPUT[20]  ; 9.572  ;        ;        ; 9.572  ;
; INPUT[20]  ; OUTPUT[28]  ; 10.470 ;        ;        ; 10.470 ;
; INPUT[21]  ; OUTPUT[20]  ; 10.695 ;        ;        ; 10.695 ;
; INPUT[21]  ; OUTPUT[21]  ; 9.996  ;        ;        ; 9.996  ;
; INPUT[21]  ; OUTPUT[29]  ; 10.259 ;        ;        ; 10.259 ;
; INPUT[22]  ; OUTPUT[21]  ; 10.696 ;        ;        ; 10.696 ;
; INPUT[22]  ; OUTPUT[22]  ; 10.014 ;        ;        ; 10.014 ;
; INPUT[22]  ; OUTPUT[30]  ; 10.424 ;        ;        ; 10.424 ;
; INPUT[23]  ; OUTPUT[22]  ; 10.357 ;        ;        ; 10.357 ;
; INPUT[23]  ; OUTPUT[23]  ; 9.629  ;        ;        ; 9.629  ;
; INPUT[23]  ; OUTPUT[31]  ; 9.490  ;        ;        ; 9.490  ;
; INPUT[24]  ; OUTPUT[23]  ; 10.891 ;        ;        ; 10.891 ;
; INPUT[24]  ; OUTPUT[24]  ; 10.150 ;        ;        ; 10.150 ;
; INPUT[25]  ; OUTPUT[24]  ; 10.055 ;        ;        ; 10.055 ;
; INPUT[25]  ; OUTPUT[25]  ; 9.458  ;        ;        ; 9.458  ;
; INPUT[26]  ; OUTPUT[25]  ; 10.126 ;        ;        ; 10.126 ;
; INPUT[26]  ; OUTPUT[26]  ; 9.670  ;        ;        ; 9.670  ;
; INPUT[27]  ; OUTPUT[26]  ; 10.814 ;        ;        ; 10.814 ;
; INPUT[27]  ; OUTPUT[27]  ; 9.169  ;        ;        ; 9.169  ;
; INPUT[28]  ; OUTPUT[27]  ; 10.291 ;        ;        ; 10.291 ;
; INPUT[28]  ; OUTPUT[28]  ; 10.483 ;        ;        ; 10.483 ;
; INPUT[29]  ; OUTPUT[28]  ; 10.792 ;        ;        ; 10.792 ;
; INPUT[29]  ; OUTPUT[29]  ; 9.667  ;        ;        ; 9.667  ;
; INPUT[30]  ; OUTPUT[29]  ; 10.567 ;        ;        ; 10.567 ;
; INPUT[30]  ; OUTPUT[30]  ; 9.822  ;        ;        ; 9.822  ;
; INPUT[31]  ; OUTPUT[30]  ; 10.370 ;        ;        ; 10.370 ;
; INPUT[31]  ; OUTPUT[31]  ; 9.463  ;        ;        ; 9.463  ;
; SLL8       ; OUTPUT[0]   ; 10.303 ; 10.303 ; 10.303 ; 10.303 ;
; SLL8       ; OUTPUT[1]   ; 10.252 ; 10.252 ; 10.252 ; 10.252 ;
; SLL8       ; OUTPUT[2]   ; 10.144 ; 10.144 ; 10.144 ; 10.144 ;
; SLL8       ; OUTPUT[3]   ; 10.404 ; 10.404 ; 10.404 ; 10.404 ;
; SLL8       ; OUTPUT[4]   ; 10.381 ; 10.381 ; 10.381 ; 10.381 ;
; SLL8       ; OUTPUT[5]   ; 11.450 ; 11.450 ; 11.450 ; 11.450 ;
; SLL8       ; OUTPUT[6]   ; 10.702 ; 10.702 ; 10.702 ; 10.702 ;
; SLL8       ; OUTPUT[7]   ; 10.475 ; 10.475 ; 10.475 ; 10.475 ;
; SLL8       ; OUTPUT[8]   ; 11.639 ; 11.639 ; 11.639 ; 11.639 ;
; SLL8       ; OUTPUT[9]   ; 10.981 ; 10.981 ; 10.981 ; 10.981 ;
; SLL8       ; OUTPUT[10]  ; 10.943 ; 10.943 ; 10.943 ; 10.943 ;
; SLL8       ; OUTPUT[11]  ; 10.902 ; 10.902 ; 10.902 ; 10.902 ;
; SLL8       ; OUTPUT[12]  ; 11.212 ; 11.212 ; 11.212 ; 11.212 ;
; SLL8       ; OUTPUT[13]  ; 11.849 ; 11.849 ; 11.849 ; 11.849 ;
; SLL8       ; OUTPUT[14]  ; 11.096 ; 11.096 ; 11.096 ; 11.096 ;
; SLL8       ; OUTPUT[15]  ; 11.385 ; 11.385 ; 11.385 ; 11.385 ;
; SLL8       ; OUTPUT[16]  ; 11.524 ; 11.524 ; 11.524 ; 11.524 ;
; SLL8       ; OUTPUT[17]  ; 10.771 ; 10.771 ; 10.771 ; 10.771 ;
; SLL8       ; OUTPUT[18]  ; 10.493 ; 10.493 ; 10.493 ; 10.493 ;
; SLL8       ; OUTPUT[19]  ; 11.843 ; 11.843 ; 11.843 ; 11.843 ;
; SLL8       ; OUTPUT[20]  ; 10.718 ; 10.718 ; 10.718 ; 10.718 ;
; SLL8       ; OUTPUT[21]  ; 10.360 ; 10.360 ; 10.360 ; 10.360 ;
; SLL8       ; OUTPUT[22]  ; 10.493 ; 10.493 ; 10.493 ; 10.493 ;
; SLL8       ; OUTPUT[23]  ; 10.516 ; 10.516 ; 10.516 ; 10.516 ;
; SLL8       ; OUTPUT[24]  ; 11.554 ; 11.554 ; 11.554 ; 11.554 ;
; SLL8       ; OUTPUT[25]  ; 11.311 ; 11.311 ; 11.311 ; 11.311 ;
; SLL8       ; OUTPUT[26]  ; 11.511 ; 11.511 ; 11.511 ; 11.511 ;
; SLL8       ; OUTPUT[27]  ; 10.254 ; 10.254 ; 10.254 ; 10.254 ;
; SLL8       ; OUTPUT[28]  ; 10.730 ; 10.730 ; 10.730 ; 10.730 ;
; SLL8       ; OUTPUT[29]  ; 10.274 ; 10.274 ; 10.274 ; 10.274 ;
; SLL8       ; OUTPUT[30]  ; 10.386 ; 10.386 ; 10.386 ; 10.386 ;
; SLL8       ; OUTPUT[31]  ; 9.617  ; 9.617  ; 9.617  ; 9.617  ;
; SRA1       ; OUTPUT[0]   ; 9.843  ; 9.843  ; 9.843  ; 9.843  ;
; SRA1       ; OUTPUT[1]   ; 9.796  ; 9.796  ; 9.796  ; 9.796  ;
; SRA1       ; OUTPUT[2]   ; 9.770  ; 9.770  ; 9.770  ; 9.770  ;
; SRA1       ; OUTPUT[3]   ; 10.342 ; 10.342 ; 10.342 ; 10.342 ;
; SRA1       ; OUTPUT[4]   ; 10.331 ; 10.331 ; 10.331 ; 10.331 ;
; SRA1       ; OUTPUT[5]   ; 10.814 ; 10.814 ; 10.814 ; 10.814 ;
; SRA1       ; OUTPUT[6]   ; 9.794  ; 9.794  ; 9.794  ; 9.794  ;
; SRA1       ; OUTPUT[7]   ; 9.568  ; 9.568  ; 9.568  ; 9.568  ;
; SRA1       ; OUTPUT[8]   ; 11.153 ; 11.153 ; 11.153 ; 11.153 ;
; SRA1       ; OUTPUT[9]   ; 10.494 ; 10.494 ; 10.494 ; 10.494 ;
; SRA1       ; OUTPUT[10]  ; 10.456 ; 10.456 ; 10.456 ; 10.456 ;
; SRA1       ; OUTPUT[11]  ; 10.433 ; 10.433 ; 10.433 ; 10.433 ;
; SRA1       ; OUTPUT[12]  ; 10.747 ; 10.747 ; 10.747 ; 10.747 ;
; SRA1       ; OUTPUT[13]  ; 11.215 ; 11.215 ; 11.215 ; 11.215 ;
; SRA1       ; OUTPUT[14]  ; 10.188 ; 10.188 ; 10.188 ; 10.188 ;
; SRA1       ; OUTPUT[15]  ; 10.489 ; 10.489 ; 10.489 ; 10.489 ;
; SRA1       ; OUTPUT[16]  ; 10.740 ; 10.740 ; 10.740 ; 10.740 ;
; SRA1       ; OUTPUT[17]  ; 10.511 ; 10.511 ; 10.511 ; 10.511 ;
; SRA1       ; OUTPUT[18]  ; 10.233 ; 10.233 ; 10.233 ; 10.233 ;
; SRA1       ; OUTPUT[19]  ; 12.436 ; 12.436 ; 12.436 ; 12.436 ;
; SRA1       ; OUTPUT[20]  ; 11.151 ; 11.151 ; 11.151 ; 11.151 ;
; SRA1       ; OUTPUT[21]  ; 10.940 ; 10.940 ; 10.940 ; 10.940 ;
; SRA1       ; OUTPUT[22]  ; 10.916 ; 10.916 ; 10.916 ; 10.916 ;
; SRA1       ; OUTPUT[23]  ; 10.944 ; 10.944 ; 10.944 ; 10.944 ;
; SRA1       ; OUTPUT[24]  ; 10.712 ; 10.712 ; 10.712 ; 10.712 ;
; SRA1       ; OUTPUT[25]  ; 10.488 ; 10.488 ; 10.488 ; 10.488 ;
; SRA1       ; OUTPUT[26]  ; 11.453 ; 11.453 ; 11.453 ; 11.453 ;
; SRA1       ; OUTPUT[27]  ; 10.154 ; 10.154 ; 10.154 ; 10.154 ;
; SRA1       ; OUTPUT[28]  ; 11.183 ; 11.183 ; 11.183 ; 11.183 ;
; SRA1       ; OUTPUT[29]  ; 10.722 ; 10.722 ; 10.722 ; 10.722 ;
; SRA1       ; OUTPUT[30]  ; 11.251 ; 11.251 ; 11.251 ; 11.251 ;
; SRA1       ; OUTPUT[31]  ; 10.070 ; 10.070 ; 10.070 ; 10.070 ;
+------------+-------------+--------+--------+--------+--------+


+----------------------------------------------------------+
; Minimum Progagation Delay                                ;
+------------+-------------+-------+-------+-------+-------+
; Input Port ; Output Port ; RR    ; RF    ; FR    ; FF    ;
+------------+-------------+-------+-------+-------+-------+
; INPUT[0]   ; OUTPUT[0]   ; 5.177 ;       ;       ; 5.177 ;
; INPUT[0]   ; OUTPUT[8]   ; 5.875 ;       ;       ; 5.875 ;
; INPUT[1]   ; OUTPUT[0]   ; 5.132 ;       ;       ; 5.132 ;
; INPUT[1]   ; OUTPUT[1]   ; 5.109 ;       ;       ; 5.109 ;
; INPUT[1]   ; OUTPUT[9]   ; 5.399 ;       ;       ; 5.399 ;
; INPUT[2]   ; OUTPUT[1]   ; 5.189 ;       ;       ; 5.189 ;
; INPUT[2]   ; OUTPUT[2]   ; 5.161 ;       ;       ; 5.161 ;
; INPUT[2]   ; OUTPUT[10]  ; 5.453 ;       ;       ; 5.453 ;
; INPUT[3]   ; OUTPUT[2]   ; 5.205 ;       ;       ; 5.205 ;
; INPUT[3]   ; OUTPUT[3]   ; 5.156 ;       ;       ; 5.156 ;
; INPUT[3]   ; OUTPUT[11]  ; 5.420 ;       ;       ; 5.420 ;
; INPUT[4]   ; OUTPUT[3]   ; 5.146 ;       ;       ; 5.146 ;
; INPUT[4]   ; OUTPUT[4]   ; 4.949 ;       ;       ; 4.949 ;
; INPUT[4]   ; OUTPUT[12]  ; 5.411 ;       ;       ; 5.411 ;
; INPUT[5]   ; OUTPUT[4]   ; 5.275 ;       ;       ; 5.275 ;
; INPUT[5]   ; OUTPUT[5]   ; 5.801 ;       ;       ; 5.801 ;
; INPUT[5]   ; OUTPUT[13]  ; 5.938 ;       ;       ; 5.938 ;
; INPUT[6]   ; OUTPUT[5]   ; 5.706 ;       ;       ; 5.706 ;
; INPUT[6]   ; OUTPUT[6]   ; 5.341 ;       ;       ; 5.341 ;
; INPUT[6]   ; OUTPUT[14]  ; 5.513 ;       ;       ; 5.513 ;
; INPUT[7]   ; OUTPUT[6]   ; 5.481 ;       ;       ; 5.481 ;
; INPUT[7]   ; OUTPUT[7]   ; 5.379 ;       ;       ; 5.379 ;
; INPUT[7]   ; OUTPUT[15]  ; 5.788 ;       ;       ; 5.788 ;
; INPUT[8]   ; OUTPUT[7]   ; 5.536 ;       ;       ; 5.536 ;
; INPUT[8]   ; OUTPUT[8]   ; 5.538 ;       ;       ; 5.538 ;
; INPUT[8]   ; OUTPUT[16]  ; 5.806 ;       ;       ; 5.806 ;
; INPUT[9]   ; OUTPUT[8]   ; 5.829 ;       ;       ; 5.829 ;
; INPUT[9]   ; OUTPUT[9]   ; 5.177 ;       ;       ; 5.177 ;
; INPUT[9]   ; OUTPUT[17]  ; 5.386 ;       ;       ; 5.386 ;
; INPUT[10]  ; OUTPUT[9]   ; 5.460 ;       ;       ; 5.460 ;
; INPUT[10]  ; OUTPUT[10]  ; 5.138 ;       ;       ; 5.138 ;
; INPUT[10]  ; OUTPUT[18]  ; 5.250 ;       ;       ; 5.250 ;
; INPUT[11]  ; OUTPUT[10]  ; 5.772 ;       ;       ; 5.772 ;
; INPUT[11]  ; OUTPUT[11]  ; 5.368 ;       ;       ; 5.368 ;
; INPUT[11]  ; OUTPUT[19]  ; 6.665 ;       ;       ; 6.665 ;
; INPUT[12]  ; OUTPUT[11]  ; 5.217 ;       ;       ; 5.217 ;
; INPUT[12]  ; OUTPUT[12]  ; 5.054 ;       ;       ; 5.054 ;
; INPUT[12]  ; OUTPUT[20]  ; 5.944 ;       ;       ; 5.944 ;
; INPUT[13]  ; OUTPUT[12]  ; 5.927 ;       ;       ; 5.927 ;
; INPUT[13]  ; OUTPUT[13]  ; 5.654 ;       ;       ; 5.654 ;
; INPUT[13]  ; OUTPUT[21]  ; 6.125 ;       ;       ; 6.125 ;
; INPUT[14]  ; OUTPUT[13]  ; 5.982 ;       ;       ; 5.982 ;
; INPUT[14]  ; OUTPUT[14]  ; 5.493 ;       ;       ; 5.493 ;
; INPUT[14]  ; OUTPUT[22]  ; 5.861 ;       ;       ; 5.861 ;
; INPUT[15]  ; OUTPUT[14]  ; 5.886 ;       ;       ; 5.886 ;
; INPUT[15]  ; OUTPUT[15]  ; 5.832 ;       ;       ; 5.832 ;
; INPUT[15]  ; OUTPUT[23]  ; 5.670 ;       ;       ; 5.670 ;
; INPUT[16]  ; OUTPUT[15]  ; 5.792 ;       ;       ; 5.792 ;
; INPUT[16]  ; OUTPUT[16]  ; 5.489 ;       ;       ; 5.489 ;
; INPUT[16]  ; OUTPUT[24]  ; 5.695 ;       ;       ; 5.695 ;
; INPUT[17]  ; OUTPUT[16]  ; 5.789 ;       ;       ; 5.789 ;
; INPUT[17]  ; OUTPUT[17]  ; 5.456 ;       ;       ; 5.456 ;
; INPUT[17]  ; OUTPUT[25]  ; 5.681 ;       ;       ; 5.681 ;
; INPUT[18]  ; OUTPUT[17]  ; 5.164 ;       ;       ; 5.164 ;
; INPUT[18]  ; OUTPUT[18]  ; 4.827 ;       ;       ; 4.827 ;
; INPUT[18]  ; OUTPUT[26]  ; 5.614 ;       ;       ; 5.614 ;
; INPUT[19]  ; OUTPUT[18]  ; 5.185 ;       ;       ; 5.185 ;
; INPUT[19]  ; OUTPUT[19]  ; 5.091 ;       ;       ; 5.091 ;
; INPUT[19]  ; OUTPUT[27]  ; 5.135 ;       ;       ; 5.135 ;
; INPUT[20]  ; OUTPUT[19]  ; 6.330 ;       ;       ; 6.330 ;
; INPUT[20]  ; OUTPUT[20]  ; 5.319 ;       ;       ; 5.319 ;
; INPUT[20]  ; OUTPUT[28]  ; 5.710 ;       ;       ; 5.710 ;
; INPUT[21]  ; OUTPUT[20]  ; 5.841 ;       ;       ; 5.841 ;
; INPUT[21]  ; OUTPUT[21]  ; 5.554 ;       ;       ; 5.554 ;
; INPUT[21]  ; OUTPUT[29]  ; 5.655 ;       ;       ; 5.655 ;
; INPUT[22]  ; OUTPUT[21]  ; 5.860 ;       ;       ; 5.860 ;
; INPUT[22]  ; OUTPUT[22]  ; 5.548 ;       ;       ; 5.548 ;
; INPUT[22]  ; OUTPUT[30]  ; 5.730 ;       ;       ; 5.730 ;
; INPUT[23]  ; OUTPUT[22]  ; 5.637 ;       ;       ; 5.637 ;
; INPUT[23]  ; OUTPUT[23]  ; 5.341 ;       ;       ; 5.341 ;
; INPUT[23]  ; OUTPUT[31]  ; 5.271 ;       ;       ; 5.271 ;
; INPUT[24]  ; OUTPUT[23]  ; 5.918 ;       ;       ; 5.918 ;
; INPUT[24]  ; OUTPUT[24]  ; 5.580 ;       ;       ; 5.580 ;
; INPUT[25]  ; OUTPUT[24]  ; 5.532 ;       ;       ; 5.532 ;
; INPUT[25]  ; OUTPUT[25]  ; 5.263 ;       ;       ; 5.263 ;
; INPUT[26]  ; OUTPUT[25]  ; 5.568 ;       ;       ; 5.568 ;
; INPUT[26]  ; OUTPUT[26]  ; 5.356 ;       ;       ; 5.356 ;
; INPUT[27]  ; OUTPUT[26]  ; 5.914 ;       ;       ; 5.914 ;
; INPUT[27]  ; OUTPUT[27]  ; 5.127 ;       ;       ; 5.127 ;
; INPUT[28]  ; OUTPUT[27]  ; 5.636 ;       ;       ; 5.636 ;
; INPUT[28]  ; OUTPUT[28]  ; 5.749 ;       ;       ; 5.749 ;
; INPUT[29]  ; OUTPUT[28]  ; 5.854 ;       ;       ; 5.854 ;
; INPUT[29]  ; OUTPUT[29]  ; 5.352 ;       ;       ; 5.352 ;
; INPUT[30]  ; OUTPUT[29]  ; 5.750 ;       ;       ; 5.750 ;
; INPUT[30]  ; OUTPUT[30]  ; 5.434 ;       ;       ; 5.434 ;
; INPUT[31]  ; OUTPUT[30]  ; 5.645 ;       ;       ; 5.645 ;
; INPUT[31]  ; OUTPUT[31]  ; 5.268 ;       ;       ; 5.268 ;
; SLL8       ; OUTPUT[0]   ; 5.702 ; 5.702 ; 5.702 ; 5.702 ;
; SLL8       ; OUTPUT[1]   ; 5.672 ; 5.672 ; 5.672 ; 5.672 ;
; SLL8       ; OUTPUT[2]   ; 5.585 ; 5.585 ; 5.585 ; 5.585 ;
; SLL8       ; OUTPUT[3]   ; 5.767 ; 5.767 ; 5.767 ; 5.767 ;
; SLL8       ; OUTPUT[4]   ; 5.699 ; 5.699 ; 5.699 ; 5.699 ;
; SLL8       ; OUTPUT[5]   ; 6.273 ; 6.273 ; 6.273 ; 6.273 ;
; SLL8       ; OUTPUT[6]   ; 5.913 ; 5.913 ; 5.913 ; 5.913 ;
; SLL8       ; OUTPUT[7]   ; 5.812 ; 5.812 ; 5.812 ; 5.812 ;
; SLL8       ; OUTPUT[8]   ; 5.813 ; 5.813 ; 5.813 ; 5.813 ;
; SLL8       ; OUTPUT[9]   ; 5.671 ; 5.671 ; 5.671 ; 5.671 ;
; SLL8       ; OUTPUT[10]  ; 5.651 ; 5.651 ; 5.651 ; 5.651 ;
; SLL8       ; OUTPUT[11]  ; 5.744 ; 5.744 ; 5.744 ; 5.744 ;
; SLL8       ; OUTPUT[12]  ; 5.815 ; 5.815 ; 5.815 ; 5.815 ;
; SLL8       ; OUTPUT[13]  ; 5.834 ; 5.834 ; 5.834 ; 5.834 ;
; SLL8       ; OUTPUT[14]  ; 5.907 ; 5.907 ; 5.907 ; 5.907 ;
; SLL8       ; OUTPUT[15]  ; 5.929 ; 5.929 ; 5.929 ; 5.929 ;
; SLL8       ; OUTPUT[16]  ; 5.921 ; 5.921 ; 5.921 ; 5.921 ;
; SLL8       ; OUTPUT[17]  ; 5.664 ; 5.664 ; 5.664 ; 5.664 ;
; SLL8       ; OUTPUT[18]  ; 5.547 ; 5.547 ; 5.547 ; 5.547 ;
; SLL8       ; OUTPUT[19]  ; 5.598 ; 5.598 ; 5.598 ; 5.598 ;
; SLL8       ; OUTPUT[20]  ; 5.463 ; 5.463 ; 5.463 ; 5.463 ;
; SLL8       ; OUTPUT[21]  ; 5.397 ; 5.397 ; 5.397 ; 5.397 ;
; SLL8       ; OUTPUT[22]  ; 5.377 ; 5.377 ; 5.377 ; 5.377 ;
; SLL8       ; OUTPUT[23]  ; 5.307 ; 5.307 ; 5.307 ; 5.307 ;
; SLL8       ; OUTPUT[24]  ; 5.929 ; 5.929 ; 5.929 ; 5.929 ;
; SLL8       ; OUTPUT[25]  ; 5.814 ; 5.814 ; 5.814 ; 5.814 ;
; SLL8       ; OUTPUT[26]  ; 5.790 ; 5.790 ; 5.790 ; 5.790 ;
; SLL8       ; OUTPUT[27]  ; 5.474 ; 5.474 ; 5.474 ; 5.474 ;
; SLL8       ; OUTPUT[28]  ; 5.504 ; 5.504 ; 5.504 ; 5.504 ;
; SLL8       ; OUTPUT[29]  ; 5.306 ; 5.306 ; 5.306 ; 5.306 ;
; SLL8       ; OUTPUT[30]  ; 5.405 ; 5.405 ; 5.405 ; 5.405 ;
; SLL8       ; OUTPUT[31]  ; 5.374 ; 5.374 ; 5.374 ; 5.374 ;
; SRA1       ; OUTPUT[0]   ; 5.449 ; 5.449 ; 5.449 ; 5.449 ;
; SRA1       ; OUTPUT[1]   ; 5.427 ; 5.427 ; 5.427 ; 5.427 ;
; SRA1       ; OUTPUT[2]   ; 5.406 ; 5.406 ; 5.406 ; 5.406 ;
; SRA1       ; OUTPUT[3]   ; 5.710 ; 5.710 ; 5.710 ; 5.710 ;
; SRA1       ; OUTPUT[4]   ; 5.653 ; 5.653 ; 5.653 ; 5.653 ;
; SRA1       ; OUTPUT[5]   ; 5.944 ; 5.944 ; 5.944 ; 5.944 ;
; SRA1       ; OUTPUT[6]   ; 5.467 ; 5.467 ; 5.467 ; 5.467 ;
; SRA1       ; OUTPUT[7]   ; 5.366 ; 5.366 ; 5.366 ; 5.366 ;
; SRA1       ; OUTPUT[8]   ; 5.485 ; 5.485 ; 5.485 ; 5.485 ;
; SRA1       ; OUTPUT[9]   ; 5.428 ; 5.428 ; 5.428 ; 5.428 ;
; SRA1       ; OUTPUT[10]  ; 5.398 ; 5.398 ; 5.398 ; 5.398 ;
; SRA1       ; OUTPUT[11]  ; 5.687 ; 5.687 ; 5.687 ; 5.687 ;
; SRA1       ; OUTPUT[12]  ; 5.575 ; 5.575 ; 5.575 ; 5.575 ;
; SRA1       ; OUTPUT[13]  ; 5.598 ; 5.598 ; 5.598 ; 5.598 ;
; SRA1       ; OUTPUT[14]  ; 5.592 ; 5.592 ; 5.592 ; 5.592 ;
; SRA1       ; OUTPUT[15]  ; 5.494 ; 5.494 ; 5.494 ; 5.494 ;
; SRA1       ; OUTPUT[16]  ; 5.478 ; 5.478 ; 5.478 ; 5.478 ;
; SRA1       ; OUTPUT[17]  ; 5.428 ; 5.428 ; 5.428 ; 5.428 ;
; SRA1       ; OUTPUT[18]  ; 5.383 ; 5.383 ; 5.383 ; 5.383 ;
; SRA1       ; OUTPUT[19]  ; 5.505 ; 5.505 ; 5.505 ; 5.505 ;
; SRA1       ; OUTPUT[20]  ; 5.700 ; 5.700 ; 5.700 ; 5.700 ;
; SRA1       ; OUTPUT[21]  ; 5.722 ; 5.722 ; 5.722 ; 5.722 ;
; SRA1       ; OUTPUT[22]  ; 5.699 ; 5.699 ; 5.699 ; 5.699 ;
; SRA1       ; OUTPUT[23]  ; 5.613 ; 5.613 ; 5.613 ; 5.613 ;
; SRA1       ; OUTPUT[24]  ; 5.483 ; 5.483 ; 5.483 ; 5.483 ;
; SRA1       ; OUTPUT[25]  ; 5.368 ; 5.368 ; 5.368 ; 5.368 ;
; SRA1       ; OUTPUT[26]  ; 5.484 ; 5.484 ; 5.484 ; 5.484 ;
; SRA1       ; OUTPUT[27]  ; 5.421 ; 5.421 ; 5.421 ; 5.421 ;
; SRA1       ; OUTPUT[28]  ; 5.829 ; 5.829 ; 5.829 ; 5.829 ;
; SRA1       ; OUTPUT[29]  ; 5.607 ; 5.607 ; 5.607 ; 5.607 ;
; SRA1       ; OUTPUT[30]  ; 5.823 ; 5.823 ; 5.823 ; 5.823 ;
; SRA1       ; OUTPUT[31]  ; 5.627 ; 5.627 ; 5.627 ; 5.627 ;
+------------+-------------+-------+-------+-------+-------+


-------------------
; Clock Transfers ;
-------------------
Nothing to report.


---------------
; Report TCCS ;
---------------
No dedicated SERDES Transmitter circuitry present in device or used in design


---------------
; Report RSKM ;
---------------
No dedicated SERDES Receiver circuitry present in device or used in design


+------------------------------------------------+
; Unconstrained Paths                            ;
+---------------------------------+-------+------+
; Property                        ; Setup ; Hold ;
+---------------------------------+-------+------+
; Illegal Clocks                  ; 0     ; 0    ;
; Unconstrained Clocks            ; 0     ; 0    ;
; Unconstrained Input Ports       ; 34    ; 34   ;
; Unconstrained Input Port Paths  ; 151   ; 151  ;
; Unconstrained Output Ports      ; 32    ; 32   ;
; Unconstrained Output Port Paths ; 151   ; 151  ;
+---------------------------------+-------+------+


+------------------------------------+
; TimeQuest Timing Analyzer Messages ;
+------------------------------------+
Info: *******************************************************************
Info: Running Quartus II 64-Bit TimeQuest Timing Analyzer
    Info: Version 13.0.1 Build 232 06/12/2013 Service Pack 1 SJ Web Edition
    Info: Processing started: Mon Jun 09 17:28:28 2025
Info: Command: quartus_sta MIC1 -c MIC1
Info: qsta_default_script.tcl version: #1
Warning (20028): Parallel compilation is not licensed and has been disabled
Critical Warning (332012): Synopsys Design Constraints File file not found: 'MIC1.sdc'. A Synopsys Design Constraints File is required by the TimeQuest Timing Analyzer to get proper timing constraints. Without it, the Compiler will not properly optimize the design.
Info (332142): No user constrained base clocks found in the design. Calling "derive_clocks -period 1.0"
Info (332096): The command derive_clocks did not find any clocks to derive.  No clocks were created or changed.
Warning (332068): No clocks defined in design.
Info: Found TIMEQUEST_REPORT_SCRIPT_INCLUDE_DEFAULT_ANALYSIS = ON
Info (332159): No clocks to report
Info: Analyzing Slow Model
Info (332140): No fmax paths to report
Info (332140): No Setup paths to report
Info (332140): No Hold paths to report
Info (332140): No Recovery paths to report
Info (332140): No Removal paths to report
Info (332140): No Minimum Pulse Width paths to report
Info (332001): The selected device family is not supported by the report_metastability command.
Info: Analyzing Fast Model
Info (332142): No user constrained base clocks found in the design. Calling "derive_clocks -period 1.0"
Info (332096): The command derive_clocks did not find any clocks to derive.  No clocks were created or changed.
Warning (332068): No clocks defined in design.
Info (332140): No Setup paths to report
Info (332140): No Hold paths to report
Info (332140): No Recovery paths to report
Info (332140): No Removal paths to report
Info (332140): No Minimum Pulse Width paths to report
Info (332001): The selected device family is not supported by the report_metastability command.
Info (332102): Design is not fully constrained for setup requirements
Info (332102): Design is not fully constrained for hold requirements
Info: Quartus II 64-Bit TimeQuest Timing Analyzer was successful. 0 errors, 4 warnings
    Info: Peak virtual memory: 4542 megabytes
    Info: Processing ended: Mon Jun 09 17:28:28 2025
    Info: Elapsed time: 00:00:00
    Info: Total CPU time (on all processors): 00:00:01


